Component: ARM Compiler 5.06 update 6 (build 750) Tool: armlink [4d35ed]

==============================================================================

Section Cross References

    arch_main.o(.text) refers to uart.o(.text) for uart_printf
    arch_main.o(.text) refers to uart2.o(.text) for uart2_printf
    arch_main.o(.text) refers to wdt.o(.text) for wdt_enable
    arch_main.o(.text) refers to flash.o(.text) for flash_read
    arch_main.o(.text) refers to app_work.o(.text) for init_sys_mac
    arch_main.o(.text) refers to gpio.o(.text) for gpio_triger
    arch_main.o(.text) refers to icu.o(.text) for icu_set_sleep_mode
    arch_main.o(.text) refers to rwip.o(.text) for rwip_prevent_sleep_set
    arch_main.o(.text) refers to pwm.o(.text) for pwm_init
    arch_main.o(.text) refers to emi.o(.text) for emi_init
    arch_main.o(.text) refers to timer.o(.text) for timer_init
    arch_main.o(.text) refers to intc.o(.text) for intc_init
    arch_main.o(.text) refers to oads.o(.text) for oad_updating_user_section_pro
    arch_main.o(.text) refers to arch_main.o(.constdata) for .constdata
    arch_main.o(.text) refers to prf.o(.text) for prf_get_id_from_task
    arch_main.o(.text) refers to rwble_hl.o(.text) for rwble_hl_reset
    arch_main.o(.text) refers to arch_main.o(.bss) for .bss
    arch_main.o(.text) refers to wdt.o(.data) for wdt_disable_flag
    arch_main.o(.text) refers to boot_handlers.o(SYS_BOOT) for boot_stack_base_UNUSED
    boot_handlers.o(SYS_BOOT) refers to arch_main.o(.text) for rw_main
    boot_vectors.o(SYS_BOOT) refers to boot_handlers.o(SYS_BOOT) for sys_Reset
    boot_vectors.o(SYS_BOOT) refers to intc.o(sys_irq_entry) for SYSirq_IRQ_Handler
    boot_vectors.o(SYS_BOOT) refers to intc.o(sys_fiq_entry) for SYSirq_FIQ_Handler
    rwble.o(.text) refers to rwip.o(.text) for rwip_wakeup
    rwble.o(.text) refers to wdt.o(.text) for wdt_feed
    rwip.o(.text) refers to rf_xvr.o(.text) for rf_init
    rwip.o(.text) refers to rwble_hl.o(.text) for rwble_hl_init
    rwip.o(.text) refers to rwble.o(.text) for rwble_init
    rwip.o(.text) refers to app.o(.text) for appm_init
    rwip.o(.text) refers to uart.o(.text) for check_uart_stop
    rwip.o(.text) refers to arch_main.o(.text) for assert_err
    rwip.o(.text) refers to wdt.o(.text) for wdt_feed
    rwip.o(.text) refers to rwip.o(.bss) for .bss
    flash.o(.text) refers to flash.o(.bss) for .bss
    flash.o(.text) refers to flash.o(.data) for .data
    gpio.o(.text) refers to uart2.o(.text) for uart2_printf
    gpio.o(.text) refers to gpio.o(.data) for .data
    gpio.o(.text) refers to gpio.o(.bss) for .bss
    icu.o(.text) refers to rf_xvr.o(.text) for Delay_us
    icu.o(.text) refers to icu.o(.data) for .data
    intc.o(.text) refers to icu.o(.text) for cpu_wakeup
    intc.o(.text) refers to uart.o(.text) for uart_isr
    intc.o(.text) refers to uart2.o(.text) for uart2_isr
    intc.o(.text) refers to gpio.o(.text) for gpio_isr
    intc.o(.text) refers to pwm.o(.text) for pwm_isr
    intc.o(.text) refers to rwble.o(.text) for rwble_isr
    intc.o(.text) refers to rwip.o(.bss) for rwip_sleep_time
    intc.o(sys_fiq_entry) refers to intc.o(.text) for FIQ_Exception
    intc.o(sys_irq_entry) refers to intc.o(.text) for IRQ_Exception
    pwm.o(.text) refers to pwm.o(.bss) for .bss
    wdt.o(.text) refers to wdt.o(.data) for .data
    uart.o(.text) refers to printfa.o(i.__0vsprintf) for vsprintf
    uart.o(.text) refers to arch_main.o(.text) for assert_err
    uart.o(.text) refers to uart.o(.bss) for .bss
    uart.o(.text) refers to uart.o(.data) for .data
    rf_xvr.o(.text) refers to rf_xvr.o(.bss) for .bss
    uart2.o(.text) refers to printfa.o(i.__0vsprintf) for vsprintf
    uart2.o(.text) refers to arch_main.o(.text) for assert_err
    uart2.o(.text) refers to uart2.o(.bss) for .bss
    uart2.o(.text) refers to uart2.o(.data) for .data
    bass.o(.text) refers to prf.o(.text) for prf_env_get
    bass.o(.text) refers to bass.o(.constdata) for .constdata
    bass.o(.text) refers to bass_task.o(.constdata) for bass_default_handler
    bass.o(.constdata) refers to bass.o(.text) for bass_init
    bass_task.o(.text) refers to prf.o(.text) for prf_env_get
    bass_task.o(.text) refers to bass.o(.text) for bass_exe_operation
    bass_task.o(.text) refers to prf_utils.o(.text) for prf_pack_char_pres_fmt
    bass_task.o(.constdata) refers to bass_task.o(.text) for bass_enable_req_handler
    bass_task.o(.constdata) refers to bass_task.o(.constdata) for bass_default_state
    diss.o(.text) refers to diss.o(.constdata) for .constdata
    diss.o(.text) refers to diss_task.o(.constdata) for diss_default_handler
    diss.o(.constdata) refers to diss.o(.text) for diss_init
    diss_task.o(.text) refers to prf.o(.text) for prf_env_get
    diss_task.o(.text) refers to diss.o(.text) for diss_value_to_handle
[...]
    llc_init                                 0x00002445   Thumb Code     0  stack_rom_symbol_1.txt ABSOLUTE
    llc_stop                                 0x0000246f   Thumb Code     0  stack_rom_symbol_1.txt ABSOLUTE
    llc_reset                                0x000024b9   Thumb Code     0  stack_rom_symbol_1.txt ABSOLUTE
    llc_le_con_cmp_evt_send                  0x000024dd   Thumb Code     0  stack_rom_symbol_1.txt ABSOLUTE
    llc_start                                0x000026fd   Thumb Code     0  stack_rom_symbol_1.txt ABSOLUTE
    llc_discon_event_complete_send           0x000027e1   Thumb Code     0  stack_rom_symbol_1.txt ABSOLUTE
    llc_con_update_complete_send             0x00002803   Thumb Code     0  stack_rom_symbol_1.txt ABSOLUTE
    llc_ltk_req_send                         0x00002879   Thumb Code     0  stack_rom_symbol_1.txt ABSOLUTE
    llc_feats_rd_event_send                  0x000028af   Thumb Code     0  stack_rom_symbol_1.txt ABSOLUTE
    llc_version_rd_event_send                0x000028e9   Thumb Code     0  stack_rom_symbol_1.txt ABSOLUTE
    llc_common_cmd_complete_send             0x0000291b   Thumb Code     0  stack_rom_symbol_1.txt ABSOLUTE
    llc_common_cmd_status_send               0x00002939   Thumb Code     0  stack_rom_symbol_1.txt ABSOLUTE
    llc_common_flush_occurred_send           0x00002955   Thumb Code     0  stack_rom_symbol_1.txt ABSOLUTE
    llc_common_enc_key_ref_comp_evt_send     0x0000296f   Thumb Code     0  stack_rom_symbol_1.txt ABSOLUTE
    llc_common_enc_change_evt_send           0x0000298d   Thumb Code     0  stack_rom_symbol_1.txt ABSOLUTE
    llc_common_nb_of_pkt_comp_evt_send       0x000029f7   Thumb Code     0  stack_rom_symbol_1.txt ABSOLUTE
    llc_con_update_ind                       0x00002a19   Thumb Code     0  stack_rom_symbol_1.txt ABSOLUTE
    llc_lsto_con_update                      0x00002a55   Thumb Code     0  stack_rom_symbol_1.txt ABSOLUTE
    llc_map_update_ind                       0x00002a87   Thumb Code     0  stack_rom_symbol_1.txt ABSOLUTE
    llc_con_update_finished                  0x00002ad7   Thumb Code     0  stack_rom_symbol_1.txt ABSOLUTE
    llc_map_update_finished                  0x00002b5b   Thumb Code     0  stack_rom_symbol_1.txt ABSOLUTE
    llc_hci_command_handler                  0x000034d7   Thumb Code     0  stack_rom_symbol_1.txt ABSOLUTE
    llc_hci_acl_data_tx_handler              0x00003505   Thumb Code     0  stack_rom_symbol_1.txt ABSOLUTE
    llc_llcp_version_ind_pdu_send            0x00003607   Thumb Code     0  stack_rom_symbol_1.txt ABSOLUTE
    llc_llcp_ch_map_update_pdu_send          0x00003625   Thumb Code     0  stack_rom_symbol_1.txt ABSOLUTE
    llc_llcp_pause_enc_req_pdu_send          0x00003661   Thumb Code     0  stack_rom_symbol_1.txt ABSOLUTE
    llc_llcp_pause_enc_rsp_pdu_send          0x0000368f   Thumb Code     0  stack_rom_symbol_1.txt ABSOLUTE
    llc_llcp_enc_req_pdu_send                0x000036c5   Thumb Code     0  stack_rom_symbol_1.txt ABSOLUTE
    llc_llcp_enc_rsp_pdu_send                0x00003797   Thumb Code     0  stack_rom_symbol_1.txt ABSOLUTE
    llc_llcp_start_enc_rsp_pdu_send          0x0000380d   Thumb Code     0  stack_rom_symbol_1.txt ABSOLUTE
    llc_llcp_reject_ind_pdu_send             0x00003855   Thumb Code     0  stack_rom_symbol_1.txt ABSOLUTE
    llc_llcp_con_update_pdu_send             0x000038a5   Thumb Code     0  stack_rom_symbol_1.txt ABSOLUTE
    llc_llcp_con_param_req_pdu_send          0x000038d1   Thumb Code     0  stack_rom_symbol_1.txt ABSOLUTE
    llc_llcp_con_param_rsp_pdu_send          0x00003919   Thumb Code     0  stack_rom_symbol_1.txt ABSOLUTE
    llc_llcp_feats_req_pdu_send              0x0000395f   Thumb Code     0  stack_rom_symbol_1.txt ABSOLUTE
    llc_llcp_feats_rsp_pdu_send              0x0000398b   Thumb Code     0  stack_rom_symbol_1.txt ABSOLUTE
    llc_llcp_start_enc_req_pdu_send          0x000039b9   Thumb Code     0  stack_rom_symbol_1.txt ABSOLUTE
    llc_llcp_terminate_ind_pdu_send          0x00003a03   Thumb Code     0  stack_rom_symbol_1.txt ABSOLUTE
    llc_llcp_unknown_rsp_send_pdu            0x00003a67   Thumb Code     0  stack_rom_symbol_1.txt ABSOLUTE
    llc_llcp_ping_req_pdu_send               0x00003a7d   Thumb Code     0  stack_rom_symbol_1.txt ABSOLUTE
    llc_llcp_ping_rsp_pdu_send               0x00003a8f   Thumb Code     0  stack_rom_symbol_1.txt ABSOLUTE
    llc_llcp_length_req_pdu_send             0x00003aa1   Thumb Code     0  stack_rom_symbol_1.txt ABSOLUTE
    llc_llcp_length_rsp_pdu_send             0x00003acb   Thumb Code     0  stack_rom_symbol_1.txt ABSOLUTE
    llc_llcp_recv_handler                    0x00003c6d   Thumb Code     0  stack_rom_symbol_1.txt ABSOLUTE
    llc_llcp_get_autorize                    0x000045db   Thumb Code     0  stack_rom_symbol_1.txt ABSOLUTE
    llc_util_get_free_conhdl                 0x00004d75   Thumb Code     0  stack_rom_symbol_1.txt ABSOLUTE
    llc_util_get_nb_active_link              0x00004d9d   Thumb Code     0  stack_rom_symbol_1.txt ABSOLUTE
    llc_util_dicon_procedure                 0x00004dc5   Thumb Code     0  stack_rom_symbol_1.txt ABSOLUTE
    llc_util_update_channel_map              0x00004e05   Thumb Code     0  stack_rom_symbol_1.txt ABSOLUTE
    llc_util_set_llcp_discard_enable         0x00004e17   Thumb Code     0  stack_rom_symbol_1.txt ABSOLUTE
    llc_util_set_auth_payl_to_margin         0x00004e2f   Thumb Code     0  stack_rom_symbol_1.txt ABSOLUTE
    llc_util_clear_operation_ptr             0x00004e5b   Thumb Code     0  stack_rom_symbol_1.txt ABSOLUTE
    llc_util_bw_mgt                          0x00004e77   Thumb Code     0  stack_rom_symbol_1.txt ABSOLUTE
    llc_end_evt_defer                        0x00004ec9   Thumb Code     0  stack_rom_symbol_1.txt ABSOLUTE
    llc_pdu_llcp_tx_ack_defer                0x00004f0f   Thumb Code     0  stack_rom_symbol_1.txt ABSOLUTE
    llc_pdu_acl_tx_ack_defer                 0x00005003   Thumb Code     0  stack_rom_symbol_1.txt ABSOLUTE
    llc_pdu_defer                            0x00005025   Thumb Code     0  stack_rom_symbol_1.txt ABSOLUTE
    lld_init                                 0x000050d1   Thumb Code     0  stack_rom_symbol_1.txt ABSOLUTE
    lld_core_reset                           0x00005229   Thumb Code     0  stack_rom_symbol_1.txt ABSOLUTE
    lld_con_update_after_param_req           0x000053cd   Thumb Code     0  stack_rom_symbol_1.txt ABSOLUTE
    lld_con_param_rsp                        0x00005635   Thumb Code     0  stack_rom_symbol_1.txt ABSOLUTE
    lld_con_param_req                        0x00005729   Thumb Code     0  stack_rom_symbol_1.txt ABSOLUTE
    lld_con_stop                             0x000057e7   Thumb Code     0  stack_rom_symbol_1.txt ABSOLUTE
    lld_get_mode                             0x000057f3   Thumb Code     0  stack_rom_symbol_1.txt ABSOLUTE
    lld_crypt_isr                            0x00005989   Thumb Code     0  stack_rom_symbol_1.txt ABSOLUTE
    lld_ral_renew_req                        0x00005993   Thumb Code     0  stack_rom_symbol_1.txt ABSOLUTE
    lld_evt_elt_delete                       0x000059e9   Thumb Code     0  stack_rom_symbol_1.txt ABSOLUTE
    lld_evt_drift_compute                    0x00005c5b   Thumb Code     0  stack_rom_symbol_1.txt ABSOLUTE
    lld_evt_delete_elt_push                  0x00005d89   Thumb Code     0  stack_rom_symbol_1.txt ABSOLUTE
    lld_evt_channel_next                     0x00005f79   Thumb Code     0  stack_rom_symbol_1.txt ABSOLUTE
    lld_evt_deffered_elt_handler             0x00005fb3   Thumb Code     0  stack_rom_symbol_1.txt ABSOLUTE
    lld_evt_init                             0x00006083   Thumb Code     0  stack_rom_symbol_1.txt ABSOLUTE
    lld_evt_init_evt                         0x00006105   Thumb Code     0  stack_rom_symbol_1.txt ABSOLUTE
    lld_evt_restart                          0x00006157   Thumb Code     0  stack_rom_symbol_1.txt ABSOLUTE
    lld_evt_elt_insert                       0x000064b5   Thumb Code     0  stack_rom_symbol_1.txt ABSOLUTE
    lld_evt_schedule                         0x000066bf   Thumb Code     0  stack_rom_symbol_1.txt ABSOLUTE
    lld_evt_prevent_stop                     0x0000678d   Thumb Code     0  stack_rom_symbol_1.txt ABSOLUTE
    lld_evt_canceled                         0x0000678f   Thumb Code     0  stack_rom_symbol_1.txt ABSOLUTE
    lld_evt_adv_create                       0x00006b73   Thumb Code     0  stack_rom_symbol_1.txt ABSOLUTE
    lld_evt_end                              0x00006be3   Thumb Code     0  stack_rom_symbol_1.txt ABSOLUTE
    lld_evt_rx                               0x00006d25   Thumb Code     0  stack_rom_symbol_1.txt ABSOLUTE
    lld_evt_timer_isr                        0x00006d61   Thumb Code     0  stack_rom_symbol_1.txt ABSOLUTE
    lld_evt_end_isr                          0x00006d6b   Thumb Code     0  stack_rom_symbol_1.txt ABSOLUTE
    lld_evt_rx_isr                           0x00006da1   Thumb Code     0  stack_rom_symbol_1.txt ABSOLUTE
    lld_pdu_data_tx_push                     0x00006e99   Thumb Code     0  stack_rom_symbol_1.txt ABSOLUTE
    lld_pdu_check                            0x00007291   Thumb Code     0  stack_rom_symbol_1.txt ABSOLUTE
    lld_pdu_tx_loop                          0x00007459   Thumb Code     0  stack_rom_symbol_1.txt ABSOLUTE
    lld_pdu_data_send                        0x0000749b   Thumb Code     0  stack_rom_symbol_1.txt ABSOLUTE
    lld_pdu_tx_push                          0x000074f3   Thumb Code     0  stack_rom_symbol_1.txt ABSOLUTE
    lld_pdu_tx_prog                          0x0000754f   Thumb Code     0  stack_rom_symbol_1.txt ABSOLUTE
    lld_pdu_tx_flush                         0x000078c1   Thumb Code     0  stack_rom_symbol_1.txt ABSOLUTE
    lld_pdu_adv_pack                         0x00007931   Thumb Code     0  stack_rom_symbol_1.txt ABSOLUTE
    lld_pdu_rx_handler                       0x00007955   Thumb Code     0  stack_rom_symbol_1.txt ABSOLUTE
    lld_sleep_init                           0x00007b51   Thumb Code     0  stack_rom_symbol_1.txt ABSOLUTE
    lld_sleep_enter                          0x00007b97   Thumb Code     0  stack_rom_symbol_1.txt ABSOLUTE
    lld_sleep_wakeup                         0x00007bd7   Thumb Code     0  stack_rom_symbol_1.txt ABSOLUTE
    lld_sleep_wakeup_end                     0x00007bf1   Thumb Code     0  stack_rom_symbol_1.txt ABSOLUTE
    lld_util_instant_get                     0x00007c6d   Thumb Code     0  stack_rom_symbol_1.txt ABSOLUTE
    lld_util_get_bd_address                  0x00007c85   Thumb Code     0  stack_rom_symbol_1.txt ABSOLUTE
    lld_util_set_bd_address                  0x00007ca5   Thumb Code     0  stack_rom_symbol_1.txt ABSOLUTE
    lld_util_ral_force_rpa_renew             0x00007ce3   Thumb Code     0  stack_rom_symbol_1.txt ABSOLUTE
    lld_util_freq2chnl                       0x00007d23   Thumb Code     0  stack_rom_symbol_1.txt ABSOLUTE
    lld_util_get_local_offset                0x00007d47   Thumb Code     0  stack_rom_symbol_1.txt ABSOLUTE
    lld_util_get_peer_offset                 0x00007d65   Thumb Code     0  stack_rom_symbol_1.txt ABSOLUTE
    lld_util_connection_param_set            0x00007d85   Thumb Code     0  stack_rom_symbol_1.txt ABSOLUTE
    lld_util_dle_set_cs_fields               0x00007dcf   Thumb Code     0  stack_rom_symbol_1.txt ABSOLUTE
    lld_util_anchor_point_move               0x00007df1   Thumb Code     0  stack_rom_symbol_1.txt ABSOLUTE
    lld_util_flush_list                      0x00007ec1   Thumb Code     0  stack_rom_symbol_1.txt ABSOLUTE
    lld_util_instant_ongoing                 0x00007ed7   Thumb Code     0  stack_rom_symbol_1.txt ABSOLUTE
    lld_util_compute_ce_max                  0x00007ee3   Thumb Code     0  stack_rom_symbol_1.txt ABSOLUTE
    lld_util_elt_programmed                  0x00007f75   Thumb Code     0  stack_rom_symbol_1.txt ABSOLUTE
    lld_util_priority_set                    0x00007f93   Thumb Code     0  stack_rom_symbol_1.txt ABSOLUTE
    lld_util_priority_update                 0x00007fd7   Thumb Code     0  stack_rom_symbol_1.txt ABSOLUTE
    lld_util_get_tx_pkt_cnt                  0x00007fdd   Thumb Code     0  stack_rom_symbol_1.txt ABSOLUTE
    lld_util_eff_tx_time_set                 0x00007fe3   Thumb Code     0  stack_rom_symbol_1.txt ABSOLUTE
    llm_ral_clear                            0x00008009   Thumb Code     0  stack_rom_symbol_1.txt ABSOLUTE
    llm_wl_clr                               0x00008027   Thumb Code     0  stack_rom_symbol_1.txt ABSOLUTE
    llm_encryption_start                     0x000080a9   Thumb Code     0  stack_rom_symbol_1.txt ABSOLUTE
    llm_encryption_done                      0x00008137   Thumb Code     0  stack_rom_symbol_1.txt ABSOLUTE
    llm_init                                 0x000081cf   Thumb Code     0  stack_rom_symbol_1.txt ABSOLUTE
    llm_common_cmd_complete_send             0x000082cd   Thumb Code     0  stack_rom_symbol_1.txt ABSOLUTE
    llm_ble_ready                            0x000082e5   Thumb Code     0  stack_rom_symbol_1.txt ABSOLUTE
    llm_common_cmd_status_send               0x00008455   Thumb Code     0  stack_rom_symbol_1.txt ABSOLUTE
    llm_ral_update                           0x000085d5   Thumb Code     0  stack_rom_symbol_1.txt ABSOLUTE
    hci_command_handler                      0x00008c51   Thumb Code     0  stack_rom_symbol_1.txt ABSOLUTE
    llm_util_check_address_validity          0x00008d31   Thumb Code     0  stack_rom_symbol_1.txt ABSOLUTE
    llm_util_check_map_validity              0x00008d41   Thumb Code     0  stack_rom_symbol_1.txt ABSOLUTE
    llm_util_apply_bd_addr                   0x00008d91   Thumb Code     0  stack_rom_symbol_1.txt ABSOLUTE
    llm_util_set_public_addr                 0x00008dad   Thumb Code     0  stack_rom_symbol_1.txt ABSOLUTE
    llm_util_check_evt_mask                  0x00008dbb   Thumb Code     0  stack_rom_symbol_1.txt ABSOLUTE
    llm_util_get_channel_map                 0x00008ddd   Thumb Code     0  stack_rom_symbol_1.txt ABSOLUTE
    llm_util_get_supp_features               0x00008ddf   Thumb Code     0  stack_rom_symbol_1.txt ABSOLUTE
    llm_util_bl_check                        0x00008e29   Thumb Code     0  stack_rom_symbol_1.txt ABSOLUTE
    llm_util_bl_add                          0x00008e95   Thumb Code     0  stack_rom_symbol_1.txt ABSOLUTE
    llm_util_bl_rem                          0x00008ed3   Thumb Code     0  stack_rom_symbol_1.txt ABSOLUTE
    llm_end_evt_defer                        0x00008f05   Thumb Code     0  stack_rom_symbol_1.txt ABSOLUTE
    llm_pdu_defer                            0x00008faf   Thumb Code     0  stack_rom_symbol_1.txt ABSOLUTE
    ea_elt_cancel                            0x000090e9   Thumb Code     0  stack_rom_symbol_1.txt ABSOLUTE
    ea_time_get_slot_rounded                 0x000091e5   Thumb Code     0  stack_rom_symbol_1.txt ABSOLUTE
    ea_init                                  0x000092c3   Thumb Code     0  stack_rom_symbol_1.txt ABSOLUTE
    ea_elt_create                            0x000092e7   Thumb Code     0  stack_rom_symbol_1.txt ABSOLUTE
    ea_time_get_halfslot_rounded             0x00009301   Thumb Code     0  stack_rom_symbol_1.txt ABSOLUTE
    ea_elt_insert                            0x0000932b   Thumb Code     0  stack_rom_symbol_1.txt ABSOLUTE
    ea_elt_remove                            0x00009577   Thumb Code     0  stack_rom_symbol_1.txt ABSOLUTE
    ea_interval_create                       0x000095e1   Thumb Code     0  stack_rom_symbol_1.txt ABSOLUTE
    ea_interval_insert                       0x000095f7   Thumb Code     0  stack_rom_symbol_1.txt ABSOLUTE
    ea_interval_remove                       0x00009605   Thumb Code     0  stack_rom_symbol_1.txt ABSOLUTE
    ea_interval_delete                       0x00009615   Thumb Code     0  stack_rom_symbol_1.txt ABSOLUTE
    ea_finetimer_isr                         0x0000962f   Thumb Code     0  stack_rom_symbol_1.txt ABSOLUTE
    ea_sw_isr                                0x00009703   Thumb Code     0  stack_rom_symbol_1.txt ABSOLUTE
    ea_offset_req                            0x00009723   Thumb Code     0  stack_rom_symbol_1.txt ABSOLUTE
    ea_timer_target_get                      0x000098db   Thumb Code     0  stack_rom_symbol_1.txt ABSOLUTE
    ea_sleep_check                           0x000098f7   Thumb Code     0  stack_rom_symbol_1.txt ABSOLUTE
    ea_interval_duration_req                 0x00009945   Thumb Code     0  stack_rom_symbol_1.txt ABSOLUTE
    gapc_update_state                        0x00009a3b   Thumb Code     0  stack_rom_symbol_1.txt ABSOLUTE
    gapc_get_requester                       0x00009a6b   Thumb Code     0  stack_rom_symbol_1.txt ABSOLUTE
    gapc_send_complete_evt                   0x00009a87   Thumb Code     0  stack_rom_symbol_1.txt ABSOLUTE
    gapc_init                                0x00009b51   Thumb Code     0  stack_rom_symbol_1.txt ABSOLUTE
    gapc_con_create                          0x00009b83   Thumb Code     0  stack_rom_symbol_1.txt ABSOLUTE
    gapc_con_cleanup                         0x00009c1d   Thumb Code     0  stack_rom_symbol_1.txt ABSOLUTE
    gapc_send_disconect_ind                  0x00009c2d   Thumb Code     0  stack_rom_symbol_1.txt ABSOLUTE
    gapc_get_conidx                          0x00009c4f   Thumb Code     0  stack_rom_symbol_1.txt ABSOLUTE
    gapc_get_conhdl                          0x00009c73   Thumb Code     0  stack_rom_symbol_1.txt ABSOLUTE
    gapc_get_role                            0x00009c85   Thumb Code     0  stack_rom_symbol_1.txt ABSOLUTE
    gapc_get_bdaddr                          0x00009c9f   Thumb Code     0  stack_rom_symbol_1.txt ABSOLUTE
    gapc_get_csrk                            0x00009cbf   Thumb Code     0  stack_rom_symbol_1.txt ABSOLUTE
    gapc_get_sign_counter                    0x00009cc3   Thumb Code     0  stack_rom_symbol_1.txt ABSOLUTE
    gapc_send_error_evt                      0x00009cc7   Thumb Code     0  stack_rom_symbol_1.txt ABSOLUTE
    gapc_get_operation                       0x00009ce9   Thumb Code     0  stack_rom_symbol_1.txt ABSOLUTE
    gapc_get_operation_ptr                   0x00009cff   Thumb Code     0  stack_rom_symbol_1.txt ABSOLUTE
    gapc_set_operation_ptr                   0x00009d0b   Thumb Code     0  stack_rom_symbol_1.txt ABSOLUTE
    gapc_reschedule_operation                0x00009d17   Thumb Code     0  stack_rom_symbol_1.txt ABSOLUTE
    gapc_is_sec_set                          0x00009d47   Thumb Code     0  stack_rom_symbol_1.txt ABSOLUTE
    gapc_lk_sec_lvl_get                      0x00009d75   Thumb Code     0  stack_rom_symbol_1.txt ABSOLUTE
    gapc_enc_keysize_get                     0x00009d8d   Thumb Code     0  stack_rom_symbol_1.txt ABSOLUTE
    gapc_enc_keysize_set                     0x00009d91   Thumb Code     0  stack_rom_symbol_1.txt ABSOLUTE
    gapc_link_encrypted                      0x00009d93   Thumb Code     0  stack_rom_symbol_1.txt ABSOLUTE
    gapc_auth_set                            0x00009da9   Thumb Code     0  stack_rom_symbol_1.txt ABSOLUTE
    gapc_auth_get                            0x00009def   Thumb Code     0  stack_rom_symbol_1.txt ABSOLUTE
    gapc_svc_chg_ccc_get                     0x00009e2f   Thumb Code     0  stack_rom_symbol_1.txt ABSOLUTE
    gapc_svc_chg_ccc_set                     0x00009e3d   Thumb Code     0  stack_rom_symbol_1.txt ABSOLUTE
    gapc_param_update_sanity                 0x00009e51   Thumb Code     0  stack_rom_symbol_1.txt ABSOLUTE
    gapc_hci_handler                         0x0000a111   Thumb Code     0  stack_rom_symbol_1.txt ABSOLUTE
    gapc_process_op                          0x0000a185   Thumb Code     0  stack_rom_symbol_1.txt ABSOLUTE
    gapm_update_state                        0x0000a8f5   Thumb Code     0  stack_rom_symbol_1.txt ABSOLUTE
    gapm_init                                0x0000a959   Thumb Code     0  stack_rom_symbol_1.txt ABSOLUTE
    gapm_init_attr                           0x0000a9b9   Thumb Code     0  stack_rom_symbol_1.txt ABSOLUTE
    gapm_get_operation                       0x0000a9e3   Thumb Code     0  stack_rom_symbol_1.txt ABSOLUTE
    gapm_get_requester                       0x0000a9f5   Thumb Code     0  stack_rom_symbol_1.txt ABSOLUTE
    gapm_reschedule_operation                0x0000aa0d   Thumb Code     0  stack_rom_symbol_1.txt ABSOLUTE
    gapm_send_complete_evt                   0x0000aa2f   Thumb Code     0  stack_rom_symbol_1.txt ABSOLUTE
    gapm_send_error_evt                      0x0000aa65   Thumb Code     0  stack_rom_symbol_1.txt ABSOLUTE
    gapm_get_address_type                    0x0000aa85   Thumb Code     0  stack_rom_symbol_1.txt ABSOLUTE
    gapm_con_create                          0x0000aa91   Thumb Code     0  stack_rom_symbol_1.txt ABSOLUTE
    gapm_con_enable                          0x0000aaff   Thumb Code     0  stack_rom_symbol_1.txt ABSOLUTE
    gapm_con_cleanup                         0x0000ab0b   Thumb Code     0  stack_rom_symbol_1.txt ABSOLUTE
    gapm_get_id_from_task                    0x0000ab41   Thumb Code     0  stack_rom_symbol_1.txt ABSOLUTE
    gapm_get_task_from_id                    0x0000ab81   Thumb Code     0  stack_rom_symbol_1.txt ABSOLUTE
    gapm_is_disc_connection                  0x0000abc3   Thumb Code     0  stack_rom_symbol_1.txt ABSOLUTE
    gapm_get_max_mtu                         0x0000abe9   Thumb Code     0  stack_rom_symbol_1.txt ABSOLUTE
    gapm_get_max_mps                         0x0000abef   Thumb Code     0  stack_rom_symbol_1.txt ABSOLUTE
    gapm_set_max_mtu                         0x0000abf5   Thumb Code     0  stack_rom_symbol_1.txt ABSOLUTE
    gapm_set_max_mps                         0x0000ac0f   Thumb Code     0  stack_rom_symbol_1.txt ABSOLUTE
    gapm_addr_check                          0x0000ac25   Thumb Code     0  stack_rom_symbol_1.txt ABSOLUTE
    gapm_dle_val_check                       0x0000ac41   Thumb Code     0  stack_rom_symbol_1.txt ABSOLUTE
    gapm_is_legacy_pairing_supp              0x0000ac5d   Thumb Code     0  stack_rom_symbol_1.txt ABSOLUTE
    gapm_is_sec_con_pairing_supp             0x0000ac69   Thumb Code     0  stack_rom_symbol_1.txt ABSOLUTE
    gapm_is_pref_con_param_pres              0x0000ac75   Thumb Code     0  stack_rom_symbol_1.txt ABSOLUTE
    gapm_get_att_handle                      0x0000ac81   Thumb Code     0  stack_rom_symbol_1.txt ABSOLUTE
    gapm_svc_chg_en                          0x0000aca9   Thumb Code     0  stack_rom_symbol_1.txt ABSOLUTE
    gapm_hci_handler                         0x0000af37   Thumb Code     0  stack_rom_symbol_1.txt ABSOLUTE
    gapm_get_local_addrtype                  0x0000b6a5   Thumb Code     0  stack_rom_symbol_1.txt ABSOLUTE
    gapm_get_role                            0x0000b88b   Thumb Code     0  stack_rom_symbol_1.txt ABSOLUTE
    gapm_update_air_op_state                 0x0000b891   Thumb Code     0  stack_rom_symbol_1.txt ABSOLUTE
    gapm_get_irk                             0x0000b945   Thumb Code     0  stack_rom_symbol_1.txt ABSOLUTE
    gapm_get_bdaddr                          0x0000b94b   Thumb Code     0  stack_rom_symbol_1.txt ABSOLUTE
    gapm_basic_hci_cmd_send                  0x0000b951   Thumb Code     0  stack_rom_symbol_1.txt ABSOLUTE
    gapm_setup_conn                          0x0000b965   Thumb Code     0  stack_rom_symbol_1.txt ABSOLUTE
    gapm_get_adv_mode                        0x0000b9c1   Thumb Code     0  stack_rom_symbol_1.txt ABSOLUTE
    gapm_op_reset_continue                   0x0000b9dd   Thumb Code     0  stack_rom_symbol_1.txt ABSOLUTE
    gapm_op_setup_continue                   0x0000ba63   Thumb Code     0  stack_rom_symbol_1.txt ABSOLUTE
    attc_l2cc_pdu_recv_handler               0x0000bbf9   Thumb Code     0  stack_rom_symbol_1.txt ABSOLUTE
    attm_convert_to128                       0x0000bc59   Thumb Code     0  stack_rom_symbol_1.txt ABSOLUTE
    attm_uuid_comp                           0x0000bc89   Thumb Code     0  stack_rom_symbol_1.txt ABSOLUTE
    attm_uuid16_comp                         0x0000bce1   Thumb Code     0  stack_rom_symbol_1.txt ABSOLUTE
    attm_is_bt16_uuid                        0x0000bced   Thumb Code     0  stack_rom_symbol_1.txt ABSOLUTE
    attm_is_bt32_uuid                        0x0000bd13   Thumb Code     0  stack_rom_symbol_1.txt ABSOLUTE
    attm_convert_to128_ti                    0x0000bd3b   Thumb Code     0  stack_rom_symbol_1.txt ABSOLUTE
    attm_svc_create_db                       0x0000bd6b   Thumb Code     0  stack_rom_symbol_1.txt ABSOLUTE
    attm_svc_create_db_128                   0x0000be6b   Thumb Code     0  stack_rom_symbol_1.txt ABSOLUTE
    attm_svc_create_db128                    0x0000bf97   Thumb Code     0  stack_rom_symbol_1.txt ABSOLUTE
    attm_reserve_handle_range                0x0000c0d5   Thumb Code     0  stack_rom_symbol_1.txt ABSOLUTE
    attm_att_set_value                       0x0000c0f7   Thumb Code     0  stack_rom_symbol_1.txt ABSOLUTE
    attm_get_value                           0x0000c1a9   Thumb Code     0  stack_rom_symbol_1.txt ABSOLUTE
    attm_att_set_permission                  0x0000c311   Thumb Code     0  stack_rom_symbol_1.txt ABSOLUTE
    attm_att_update_perm                     0x0000c387   Thumb Code     0  stack_rom_symbol_1.txt ABSOLUTE
    attm_svc_set_permission                  0x0000c3f5   Thumb Code     0  stack_rom_symbol_1.txt ABSOLUTE
    attm_svc_get_permission                  0x0000c419   Thumb Code     0  stack_rom_symbol_1.txt ABSOLUTE
    attm_init                                0x0000c437   Thumb Code     0  stack_rom_symbol_1.txt ABSOLUTE
    attmdb_svc_check_hdl                     0x0000c74f   Thumb Code     0  stack_rom_symbol_1.txt ABSOLUTE
    attmdb_add_service                       0x0000c79f   Thumb Code     0  stack_rom_symbol_1.txt ABSOLUTE
    attmdb_destroy                           0x0000c815   Thumb Code     0  stack_rom_symbol_1.txt ABSOLUTE
    attmdb_get_service                       0x0000c82f   Thumb Code     0  stack_rom_symbol_1.txt ABSOLUTE
    attmdb_get_attribute                     0x0000c86d   Thumb Code     0  stack_rom_symbol_1.txt ABSOLUTE
    attmdb_get_next_att                      0x0000c8a1   Thumb Code     0  stack_rom_symbol_1.txt ABSOLUTE
    attmdb_uuid16_comp                       0x0000c917   Thumb Code     0  stack_rom_symbol_1.txt ABSOLUTE
    attmdb_get_max_len                       0x0000c955   Thumb Code     0  stack_rom_symbol_1.txt ABSOLUTE
    attmdb_get_uuid                          0x0000c9bf   Thumb Code     0  stack_rom_symbol_1.txt ABSOLUTE
    attmdb_att_get_permission                0x0000ca95   Thumb Code     0  stack_rom_symbol_1.txt ABSOLUTE
    atts_clear_read_cache                    0x0000cc45   Thumb Code     0  stack_rom_symbol_1.txt ABSOLUTE
    atts_send_error                          0x0000cd9f   Thumb Code     0  stack_rom_symbol_1.txt ABSOLUTE
    atts_send_event                          0x0000cdc3   Thumb Code     0  stack_rom_symbol_1.txt ABSOLUTE
    atts_clear_prep_data                     0x0000ce4f   Thumb Code     0  stack_rom_symbol_1.txt ABSOLUTE
    atts_clear_rsp_data                      0x0000ce6d   Thumb Code     0  stack_rom_symbol_1.txt ABSOLUTE
    atts_write_rsp_send                      0x0000ce89   Thumb Code     0  stack_rom_symbol_1.txt ABSOLUTE
    atts_process_pdu                         0x0000daa9   Thumb Code     0  stack_rom_symbol_1.txt ABSOLUTE
    atts_l2cc_pdu_recv_handler               0x0000db0f   Thumb Code     0  stack_rom_symbol_1.txt ABSOLUTE
    gattc_update_state                       0x0000dd1f   Thumb Code     0  stack_rom_symbol_1.txt ABSOLUTE
    gattc_get_requester                      0x0000dd43   Thumb Code     0  stack_rom_symbol_1.txt ABSOLUTE
    gattc_send_complete_evt                  0x0000dd5f   Thumb Code     0  stack_rom_symbol_1.txt ABSOLUTE
    gattc_cleanup                            0x0000ddbd   Thumb Code     0  stack_rom_symbol_1.txt ABSOLUTE
    gattc_init                               0x0000de37   Thumb Code     0  stack_rom_symbol_1.txt ABSOLUTE
    gattc_create                             0x0000de6b   Thumb Code     0  stack_rom_symbol_1.txt ABSOLUTE
    gattc_con_enable                         0x0000dec3   Thumb Code     0  stack_rom_symbol_1.txt ABSOLUTE
    gattc_get_mtu                            0x0000ded7   Thumb Code     0  stack_rom_symbol_1.txt ABSOLUTE
    gattc_set_mtu                            0x0000dee1   Thumb Code     0  stack_rom_symbol_1.txt ABSOLUTE
    gattc_send_error_evt                     0x0000df1b   Thumb Code     0  stack_rom_symbol_1.txt ABSOLUTE
    gattc_get_operation                      0x0000df41   Thumb Code     0  stack_rom_symbol_1.txt ABSOLUTE
    gattc_get_op_seq_num                     0x0000df57   Thumb Code     0  stack_rom_symbol_1.txt ABSOLUTE
    gattc_get_operation_ptr                  0x0000df6d   Thumb Code     0  stack_rom_symbol_1.txt ABSOLUTE
    gattc_set_operation_ptr                  0x0000df79   Thumb Code     0  stack_rom_symbol_1.txt ABSOLUTE
    gattc_reschedule_operation               0x0000df85   Thumb Code     0  stack_rom_symbol_1.txt ABSOLUTE
    gattm_svc_get_start_hdl                  0x0000e4fd   Thumb Code     0  stack_rom_symbol_1.txt ABSOLUTE
    gattm_init                               0x0000e503   Thumb Code     0  stack_rom_symbol_1.txt ABSOLUTE
    gattm_init_attr                          0x0000e521   Thumb Code     0  stack_rom_symbol_1.txt ABSOLUTE
    gattm_create                             0x0000e589   Thumb Code     0  stack_rom_symbol_1.txt ABSOLUTE
    gattm_cleanup                            0x0000e591   Thumb Code     0  stack_rom_symbol_1.txt ABSOLUTE
    l2cc_send_error_evt                      0x0000e5ad   Thumb Code     0  stack_rom_symbol_1.txt ABSOLUTE
    l2cc_update_state                        0x0000e5d5   Thumb Code     0  stack_rom_symbol_1.txt ABSOLUTE
    l2cc_send_complete_evt                   0x0000e5fb   Thumb Code     0  stack_rom_symbol_1.txt ABSOLUTE
    l2cc_cleanup                             0x0000e64d   Thumb Code     0  stack_rom_symbol_1.txt ABSOLUTE
    l2cc_init                                0x0000e6e9   Thumb Code     0  stack_rom_symbol_1.txt ABSOLUTE
    l2cc_create                              0x0000e71f   Thumb Code     0  stack_rom_symbol_1.txt ABSOLUTE
    l2cc_get_operation                       0x0000e759   Thumb Code     0  stack_rom_symbol_1.txt ABSOLUTE
    l2cc_get_operation_ptr                   0x0000e76d   Thumb Code     0  stack_rom_symbol_1.txt ABSOLUTE
    l2cc_set_operation_ptr                   0x0000e779   Thumb Code     0  stack_rom_symbol_1.txt ABSOLUTE
    l2cc_data_send                           0x0000e785   Thumb Code     0  stack_rom_symbol_1.txt ABSOLUTE
    l2cc_pdu_pack                            0x0000e8e9   Thumb Code     0  stack_rom_symbol_1.txt ABSOLUTE
    l2cc_pdu_unpack                          0x0000eb59   Thumb Code     0  stack_rom_symbol_1.txt ABSOLUTE
    l2cc_pdu_header_check                    0x0000edbf   Thumb Code     0  stack_rom_symbol_1.txt ABSOLUTE
    l2cc_sig_send_cmd_reject                 0x0000ee9d   Thumb Code     0  stack_rom_symbol_1.txt ABSOLUTE
    l2cc_sig_pdu_recv_handler                0x0000ef59   Thumb Code     0  stack_rom_symbol_1.txt ABSOLUTE
    l2cc_process_op                          0x0000efa5   Thumb Code     0  stack_rom_symbol_1.txt ABSOLUTE
    l2cc_pdu_alloc                           0x0000f21f   Thumb Code     0  stack_rom_symbol_1.txt ABSOLUTE
    l2cc_pdu_send                            0x0000f249   Thumb Code     0  stack_rom_symbol_1.txt ABSOLUTE
    l2cm_init                                0x0000f2ab   Thumb Code     0  stack_rom_symbol_1.txt ABSOLUTE
    l2cm_create                              0x0000f2d1   Thumb Code     0  stack_rom_symbol_1.txt ABSOLUTE
    l2cm_cleanup                             0x0000f2d9   Thumb Code     0  stack_rom_symbol_1.txt ABSOLUTE
    l2cm_set_link_layer_buff_size            0x0000f2e3   Thumb Code     0  stack_rom_symbol_1.txt ABSOLUTE
    l2cm_get_nb_buffer_available             0x0000f2ed   Thumb Code     0  stack_rom_symbol_1.txt ABSOLUTE
    l2cm_tx_status                           0x0000f2f9   Thumb Code     0  stack_rom_symbol_1.txt ABSOLUTE
    hci_evt_mask_set                         0x0000f32d   Thumb Code     0  stack_rom_symbol_1.txt ABSOLUTE
    hci_init                                 0x0000f377   Thumb Code     0  stack_rom_symbol_1.txt ABSOLUTE
    hci_reset                                0x0000f393   Thumb Code     0  stack_rom_symbol_1.txt ABSOLUTE
    hci_send_2_host                          0x0000f3af   Thumb Code     0  stack_rom_symbol_1.txt ABSOLUTE
    hci_send_2_controller                    0x0000f437   Thumb Code     0  stack_rom_symbol_1.txt ABSOLUTE
    hci_fc_init                              0x0000f4f9   Thumb Code     0  stack_rom_symbol_1.txt ABSOLUTE
    hci_fc_acl_buf_size_set                  0x0000f505   Thumb Code     0  stack_rom_symbol_1.txt ABSOLUTE
    hci_fc_acl_en                            0x0000f525   Thumb Code     0  stack_rom_symbol_1.txt ABSOLUTE
    hci_fc_acl_packet_sent                   0x0000f54d   Thumb Code     0  stack_rom_symbol_1.txt ABSOLUTE
    hci_fc_host_nb_acl_pkts_complete         0x0000f55d   Thumb Code     0  stack_rom_symbol_1.txt ABSOLUTE
    hci_fc_check_host_available_nb_acl_packets 0x0000f56f   Thumb Code     0  stack_rom_symbol_1.txt ABSOLUTE
    hci_look_for_cmd_desc                    0x0000f599   Thumb Code     0  stack_rom_symbol_1.txt ABSOLUTE
    hci_look_for_evt_desc                    0x0000f5e9   Thumb Code     0  stack_rom_symbol_1.txt ABSOLUTE
    hci_look_for_le_evt_desc                 0x0000f60f   Thumb Code     0  stack_rom_symbol_1.txt ABSOLUTE
    __aeabi_uidiv                            0x0000f639   Thumb Code     0  stack_rom_symbol_1.txt ABSOLUTE
    __aeabi_uidivmod                         0x0000f639   Thumb Code     0  stack_rom_symbol_1.txt ABSOLUTE
    __aeabi_idiv                             0x0000f665   Thumb Code     0  stack_rom_symbol_1.txt ABSOLUTE
    __aeabi_idivmod                          0x0000f665   Thumb Code     0  stack_rom_symbol_1.txt ABSOLUTE
    rand                                     0x0000f68d   Thumb Code     0  stack_rom_symbol_1.txt ABSOLUTE
    srand                                    0x0000f69f   Thumb Code     0  stack_rom_symbol_1.txt ABSOLUTE
    __aeabi_memcpy                           0x0000f6b1   Thumb Code     0  stack_rom_symbol_1.txt ABSOLUTE
    __aeabi_memcpy4                          0x0000f6b1   Thumb Code     0  stack_rom_symbol_1.txt ABSOLUTE
    __aeabi_memcpy8                          0x0000f6b1   Thumb Code     0  stack_rom_symbol_1.txt ABSOLUTE
    __aeabi_memset                           0x0000f6d5   Thumb Code     0  stack_rom_symbol_1.txt ABSOLUTE
    __aeabi_memset4                          0x0000f6d5   Thumb Code     0  stack_rom_symbol_1.txt ABSOLUTE
    __aeabi_memset8                          0x0000f6d5   Thumb Code     0  stack_rom_symbol_1.txt ABSOLUTE
    __aeabi_memclr                           0x0000f6e5   Thumb Code     0  stack_rom_symbol_1.txt ABSOLUTE
    __aeabi_memclr4                          0x0000f6e5   Thumb Code     0  stack_rom_symbol_1.txt ABSOLUTE
    __aeabi_memclr8                          0x0000f6e5   Thumb Code     0  stack_rom_symbol_1.txt ABSOLUTE
    _memset$wrapper                          0x0000f6e9   Thumb Code     0  stack_rom_symbol_1.txt ABSOLUTE
    memcmp                                   0x0000f6fb   Thumb Code     0  stack_rom_symbol_1.txt ABSOLUTE
    __ARM_clz                                0x0000f714   ARM Code       0  stack_rom_symbol_1.txt ABSOLUTE
    __ARM_common_disable_fiq                 0x0000f71c   ARM Code       0  stack_rom_symbol_1.txt ABSOLUTE
    __ARM_common_disable_irq                 0x0000f730   ARM Code       0  stack_rom_symbol_1.txt ABSOLUTE
    __ARM_common_enable_fiq                  0x0000f744   ARM Code       0  stack_rom_symbol_1.txt ABSOLUTE
    __ARM_common_enable_irq                  0x0000f754   ARM Code       0  stack_rom_symbol_1.txt ABSOLUTE
    __ARM_common_switch8                     0x0000f764   ARM Code       0  stack_rom_symbol_1.txt ABSOLUTE
    one_bits                                 0x0000f780   Data           0  stack_rom_symbol_1.txt ABSOLUTE
    co_sca2ppm                               0x0000f790   Data           0  stack_rom_symbol_1.txt ABSOLUTE
    co_null_bdaddr                           0x0000f7a0   Data           0  stack_rom_symbol_1.txt ABSOLUTE
    llc_default_handler                      0x0000f958   Data           0  stack_rom_symbol_1.txt ABSOLUTE
    rwip_coex_cfg                            0x0000f970   Data           0  stack_rom_symbol_1.txt ABSOLUTE
    rwip_priority                            0x0000f975   Data           0  stack_rom_symbol_1.txt ABSOLUTE
    lld_pdu_adv_pk_desc_tab                  0x0000f984   Data           0  stack_rom_symbol_1.txt ABSOLUTE
    lld_pdu_llcp_pk_desc_tab                 0x0000f9d8   Data           0  stack_rom_symbol_1.txt ABSOLUTE
    llm_local_data_len_values                0x0000fab6   Data           0  stack_rom_symbol_1.txt ABSOLUTE
    llm_local_cmds                           0x0000fad4   Data           0  stack_rom_symbol_1.txt ABSOLUTE
    llm_local_le_feats                       0x0000fb14   Data           0  stack_rom_symbol_1.txt ABSOLUTE
    llm_local_le_states                      0x0000fb1c   Data           0  stack_rom_symbol_1.txt ABSOLUTE
    llm_default_handler                      0x0000fbf4   Data           0  stack_rom_symbol_1.txt ABSOLUTE
    LLM_AA_CT1                               0x0000fbfc   Data           0  stack_rom_symbol_1.txt ABSOLUTE
    LLM_AA_CT2                               0x0000fbff   Data           0  stack_rom_symbol_1.txt ABSOLUTE
    gapc_default_state                       0x0000fc64   Data           0  stack_rom_symbol_1.txt ABSOLUTE
    gapc_default_handler                     0x0000fd14   Data           0  stack_rom_symbol_1.txt ABSOLUTE
    gapm_default_state                       0x0000fdbc   Data           0  stack_rom_symbol_1.txt ABSOLUTE
    gapm_default_handler                     0x0000fe2c   Data           0  stack_rom_symbol_1.txt ABSOLUTE
    atts_handlers                            0x0000fe58   Data           0  stack_rom_symbol_1.txt ABSOLUTE
    gattc_default_state                      0x0000fec8   Data           0  stack_rom_symbol_1.txt ABSOLUTE
    gattc_default_handler                    0x0000ff30   Data           0  stack_rom_symbol_1.txt ABSOLUTE
    gattm_default_state                      0x0000ff6c   Data           0  stack_rom_symbol_1.txt ABSOLUTE
    gattm_default_handler                    0x0000ff74   Data           0  stack_rom_symbol_1.txt ABSOLUTE
    l2cc_sig_handlers                        0x000100a0   Data           0  stack_rom_symbol_1.txt ABSOLUTE
    l2cc_default_state                       0x000100b8   Data           0  stack_rom_symbol_1.txt ABSOLUTE
    l2cc_default_handler                     0x000100f0   Data           0  stack_rom_symbol_1.txt ABSOLUTE
    hci_cmd_desc_tab_lk_ctrl                 0x00010108   Data           0  stack_rom_symbol_1.txt ABSOLUTE
    hci_cmd_desc_tab_ctrl_bb                 0x00010114   Data           0  stack_rom_symbol_1.txt ABSOLUTE
    hci_cmd_desc_tab_info_par                0x0001013c   Data           0  stack_rom_symbol_1.txt ABSOLUTE
    hci_cmd_desc_tab_stat_par                0x00010150   Data           0  stack_rom_symbol_1.txt ABSOLUTE
    hci_cmd_desc_tab_le                      0x00010154   Data           0  stack_rom_symbol_1.txt ABSOLUTE
    hci_cmd_desc_tab_vs                      0x0001020c   Data           0  stack_rom_symbol_1.txt ABSOLUTE
    hci_cmd_desc_root_tab                    0x00010218   Data           0  stack_rom_symbol_1.txt ABSOLUTE
    hci_evt_desc_tab                         0x00010248   Data           0  stack_rom_symbol_1.txt ABSOLUTE
    hci_evt_le_desc_tab                      0x0001025a   Data           0  stack_rom_symbol_1.txt ABSOLUTE
    boot_stack_base_UNUSED                   0x00010484   Data           4  boot_handlers.o(SYS_BOOT)
    boot_stack_len_UNUSED                    0x00010488   Data           4  boot_handlers.o(SYS_BOOT)
    boot_stack_base_IRQ                      0x0001048c   Data           4  boot_handlers.o(SYS_BOOT)
    boot_stack_len_IRQ                       0x00010490   Data           4  boot_handlers.o(SYS_BOOT)
    boot_stack_base_SVC                      0x00010494   Data           4  boot_handlers.o(SYS_BOOT)
    boot_stack_len_SVC                       0x00010498   Data           4  boot_handlers.o(SYS_BOOT)
    boot_stack_base_FIQ                      0x0001049c   Data           4  boot_handlers.o(SYS_BOOT)
    boot_stack_len_FIQ                       0x000104a0   Data           4  boot_handlers.o(SYS_BOOT)
    sys_Reset                                0x000104a4   ARM Code       0  boot_handlers.o(SYS_BOOT)
    Long ARM to Thumb Veneer to Undefined_Exception 0x00010670   ARM Code       8  anon$$obj.o(Veneer$$Code)
    Long ARM to Thumb Veneer to SoftwareInterrupt_Exception 0x00010678   ARM Code       8  anon$$obj.o(Veneer$$Code)
    Long ARM to Thumb Veneer to PrefetchAbort_Exception 0x00010680   ARM Code       8  anon$$obj.o(Veneer$$Code)
    Long ARM to Thumb Veneer to DataAbort_Exception 0x00010688   ARM Code       8  anon$$obj.o(Veneer$$Code)
    Long ARM to Thumb Veneer to Reserved_Exception 0x00010690   ARM Code       8  anon$$obj.o(Veneer$$Code)
    Long ARM to Thumb Veneer to rw_main      0x00010698   ARM Code       8  anon$$obj.o(Veneer$$Code)
    SYSirq_FIQ_Handler                       0x00010700   ARM Code      16  intc.o(sys_fiq_entry)
    SYSirq_IRQ_Handler                       0x00010720   ARM Code      16  intc.o(sys_irq_entry)
    assert_err                               0x00010731   Thumb Code    18  arch_main.o(.text)
    assert_param                             0x00010743   Thumb Code    22  arch_main.o(.text)
    assert_warn                              0x00010759   Thumb Code    22  arch_main.o(.text)
    dump_data                                0x0001076f   Thumb Code    18  arch_main.o(.text)
    platform_reset                           0x00010781   Thumb Code    46  arch_main.o(.text)
    bdaddr_env_init                          0x000107af   Thumb Code    80  arch_main.o(.text)
    ble_clk_enable                           0x000107ff   Thumb Code    10  arch_main.o(.text)
    user_timer_cb                            0x00010809   Thumb Code    10  arch_main.o(.text)
    user_timer_init                          0x00010813   Thumb Code    78  arch_main.o(.text)
    rom_env_init                             0x00010861   Thumb Code    86  arch_main.o(.text)
    rwip_eif_api_init                        0x000108c7   Thumb Code    20  arch_main.o(.text)
    rw_main                                  0x000108db   Thumb Code   196  arch_main.o(.text)
    rwip_eif_get                             0x0001099f   Thumb Code    16  arch_main.o(.text)
    rwble_hl_init                            0x00010c0d   Thumb Code    28  rwble_hl.o(.text)
    rwble_hl_reset                           0x00010c29   Thumb Code    28  rwble_hl.o(.text)
    rwble_init                               0x00010c45   Thumb Code    28  rwble.o(.text)
    rwble_reset                              0x00010c61   Thumb Code    86  rwble.o(.text)
    rwble_sleep_check                        0x00010cb7   Thumb Code    16  rwble.o(.text)
    rwble_activity_ongoing_check             0x00010cc7   Thumb Code    30  rwble.o(.text)
    rwble_version                            0x00010ce5   Thumb Code    44  rwble.o(.text)
    rwble_isr                                0x00010d11   Thumb Code   172  rwble.o(.text)
    rwip_check_wakeup_boundary               0x00010dc5   Thumb Code    34  rwip.o(.text)
    rwip_init                                0x00010de7   Thumb Code   108  rwip.o(.text)
    rwip_reset                               0x00010e53   Thumb Code    56  rwip.o(.text)
    rwip_version                             0x00010e8b   Thumb Code     8  rwip.o(.text)
    rwip_schedule                            0x00010e93   Thumb Code    16  rwip.o(.text)
    rwip_prevent_sleep_set                   0x00010ea3   Thumb Code    42  rwip.o(.text)
    rwip_sleep                               0x00010ecd   Thumb Code   162  rwip.o(.text)
    rwip_wakeup                              0x00010f6f   Thumb Code    20  rwip.o(.text)
    rwip_prevent_sleep_clear                 0x00010f83   Thumb Code    42  rwip.o(.text)
    rwip_wakeup_end                          0x00010fad   Thumb Code    36  rwip.o(.text)
    rwip_us_2_lpcycles                       0x00010fd1   Thumb Code    14  rwip.o(.text)
    rwip_wakeup_delay_set                    0x00010fdf   Thumb Code    12  rwip.o(.text)
    rwip_prevent_sleep_get                   0x00010feb   Thumb Code     6  rwip.o(.text)
    rwip_sleep_enable                        0x00010ff1   Thumb Code     6  rwip.o(.text)
    rwip_ext_wakeup_enable                   0x00010ff7   Thumb Code     6  rwip.o(.text)
    rwip_sleep_lpcycles_2_us                 0x00010ffd   Thumb Code    42  rwip.o(.text)
    rwip_assert_err                          0x00011027   Thumb Code     2  rwip.o(.text)
    emi_init                                 0x00011085   Thumb Code    20  emi.o(.text)
    flash_init                               0x0001109d   Thumb Code    24  flash.o(.text)
    flash_readword                           0x000110b5   Thumb Code    50  flash.o(.text)
    flash_writeword                          0x000110e7   Thumb Code    50  flash.o(.text)
    flash_erase_sector                       0x00011119   Thumb Code    48  flash.o(.text)
    flash_erase                              0x00011149   Thumb Code    36  flash.o(.text)
    flash_write                              0x0001116d   Thumb Code   110  flash.o(.text)
    flash_read                               0x000111db   Thumb Code   102  flash.o(.text)
    crc16                                    0x00011241   Thumb Code    44  flash.o(.text)
    write_lmecc_pointq                       0x0001126d   Thumb Code     2  flash.o(.text)
    read_lmecc_pointq_status                 0x0001126f   Thumb Code     4  flash.o(.text)
    read_lmecc_pointq                        0x00011273   Thumb Code     2  flash.o(.text)
    gpio_config                              0x000112c5   Thumb Code   144  gpio.o(.text)
    gpio_get_input                           0x00011355   Thumb Code    28  gpio.o(.text)
    gpio_set                                 0x00011371   Thumb Code    36  gpio.o(.text)
    gpio_init                                0x00011395   Thumb Code     2  gpio.o(.text)
    gpio_triger                              0x00011397   Thumb Code    20  gpio.o(.text)
    gpio_cb_register                         0x000113ab   Thumb Code    12  gpio.o(.text)
    gpio_isr                                 0x000113b7   Thumb Code    42  gpio.o(.text)
    gpio_test_init                           0x000113e1   Thumb Code    54  gpio.o(.text)
    gpio_sleep                               0x00011417   Thumb Code    72  gpio.o(.text)
    gpio_wakeup                              0x0001145f   Thumb Code    52  gpio.o(.text)
    DEBUG_MSG                                0x00011493   Thumb Code     2  gpio.o(.text)
    system_sleep_init                        0x000114ad   Thumb Code     8  icu.o(.text)
    icu_init                                 0x000114b5   Thumb Code    68  icu.o(.text)
    icu_get_sleep_mode                       0x000114f9   Thumb Code     6  icu.o(.text)
    icu_set_sleep_mode                       0x000114ff   Thumb Code     6  icu.o(.text)
    enter_deep_sleep                         0x00011505   Thumb Code    48  icu.o(.text)
    cpu_reduce_voltage_sleep                 0x00011535   Thumb Code    60  icu.o(.text)
    cpu_wakeup                               0x00011571   Thumb Code    32  icu.o(.text)
    cpu_idle_sleep                           0x00011591   Thumb Code     8  icu.o(.text)
    system_reset_reson                       0x00011599   Thumb Code    18  icu.o(.text)
    switch_clk                               0x000115ab   Thumb Code    52  icu.o(.text)
    intc_spurious                            0x00011601   Thumb Code     2  intc.o(.text)
    intc_init                                0x00011603   Thumb Code    28  intc.o(.text)
    intc_stat_clear                          0x0001161f   Thumb Code     8  intc.o(.text)
    IRQ_Exception                            0x00011627   Thumb Code   152  intc.o(.text)
    FIQ_Exception                            0x000116bf   Thumb Code    30  intc.o(.text)
    pwm_init                                 0x000116ed   Thumb Code   204  pwm.o(.text)
    pwm_enable                               0x000117b9   Thumb Code    20  pwm.o(.text)
    pwm_disable                              0x000117cd   Thumb Code    28  pwm.o(.text)
    pwm_int_enable                           0x000117e9   Thumb Code    22  pwm.o(.text)
    pwm_int_disable                          0x000117ff   Thumb Code    22  pwm.o(.text)
    pwm_capture_value_get                    0x00011815   Thumb Code    22  pwm.o(.text)
    pwm_int_handler_clear                    0x0001182b   Thumb Code    14  pwm.o(.text)
    pwm_isr                                  0x00011839   Thumb Code    52  pwm.o(.text)
    timer_init                               0x0001187d   Thumb Code     2  timer.o(.text)
    timer_set_timeout                        0x0001187f   Thumb Code     6  timer.o(.text)
    timer_get_time                           0x00011885   Thumb Code     6  timer.o(.text)
    timer_enable                             0x0001188b   Thumb Code     6  timer.o(.text)
    timer_isr                                0x00011891   Thumb Code    20  timer.o(.text)
    wdt_disable                              0x000118a9   Thumb Code    28  wdt.o(.text)
    wdt_enable                               0x000118c5   Thumb Code    38  wdt.o(.text)
    wdt_feed                                 0x000118eb   Thumb Code    28  wdt.o(.text)
    Read_Uart_Buf                            0x00011911   Thumb Code    14  uart.o(.text)
    Uart_Read_Byte                           0x0001191f   Thumb Code    10  uart.o(.text)
    uart_putchar                             0x00011929   Thumb Code    34  uart.o(.text)
    uart_printf                              0x0001194b   Thumb Code    46  uart.o(.text)
    uart_printf_null                         0x00011979   Thumb Code     4  uart.o(.text)
    hex2Str                                  0x0001197d   Thumb Code    46  uart.o(.text)
    uart_print_int                           0x000119ab   Thumb Code    48  uart.o(.text)
    cpu_delay                                0x000119db   Thumb Code    26  uart.o(.text)
    uart_init                                0x000119f5   Thumb Code   140  uart.o(.text)
    uart_flow_on                             0x00011a81   Thumb Code     2  uart.o(.text)
    uart_clear_rxfifo                        0x00011a83   Thumb Code    26  uart.o(.text)
    uart_flow_off                            0x00011a9d   Thumb Code     4  uart.o(.text)
    uart_finish_transfers                    0x00011aa1   Thumb Code    24  uart.o(.text)
    uart_read                                0x00011ab9   Thumb Code    66  uart.o(.text)
    uart_write                               0x00011afb   Thumb Code    96  uart.o(.text)
    uart_send                                0x00011b5b   Thumb Code    26  uart.o(.text)
    uart_cb_register                         0x00011b75   Thumb Code    10  uart.o(.text)
    uart_cb_clear                            0x00011b7f   Thumb Code    14  uart.o(.text)
    uart_isr                                 0x00011b8d   Thumb Code   106  uart.o(.text)
    check_uart_stop                          0x00011bf7   Thumb Code    10  uart.o(.text)
    rf_rssi_convert                          0x00011ca9   Thumb Code    10  rf_xvr.o(.text)
    Delay_ms                                 0x00011ccb   Thumb Code    26  rf_xvr.o(.text)
    kmod_calibration                         0x00011ce5   Thumb Code   300  rf_xvr.o(.text)
    initial_xver_BK3432_openLoop             0x00011e11   Thumb Code   314  rf_xvr.o(.text)
    rf_init                                  0x00011f4b   Thumb Code    36  rf_xvr.o(.text)
    Delay_us                                 0x00011f6f   Thumb Code    20  rf_xvr.o(.text)
    Delay                                    0x00011f83   Thumb Code    20  rf_xvr.o(.text)
    CLK32K_AutoCali_init                     0x00011f97   Thumb Code    16  rf_xvr.o(.text)
    bk3432_singleWaveCfg                     0x00011fa7   Thumb Code    56  rf_xvr.o(.text)
    bk3432_tx_en                             0x00011fdf   Thumb Code    24  rf_xvr.o(.text)
    Read_Uart2_Buf                           0x000120dd   Thumb Code    14  uart2.o(.text)
    Uart2_Read_Byte                          0x000120eb   Thumb Code    10  uart2.o(.text)
    uart2_putchar                            0x000120f5   Thumb Code    34  uart2.o(.text)
    uart2_printf                             0x00012117   Thumb Code    46  uart2.o(.text)
    uart2_printf_null                        0x00012145   Thumb Code     4  uart2.o(.text)
    uart2_init                               0x00012149   Thumb Code   130  uart2.o(.text)
    uart2_flow_on                            0x000121cb   Thumb Code     2  uart2.o(.text)
    uart2_clear_rxfifo                       0x000121cd   Thumb Code    26  uart2.o(.text)
    uart2_flow_off                           0x000121e7   Thumb Code     4  uart2.o(.text)
    uart2_finish_transfers                   0x000121eb   Thumb Code    24  uart2.o(.text)
    uart2_read                               0x00012203   Thumb Code    66  uart2.o(.text)
    uart2_write                              0x00012245   Thumb Code    96  uart2.o(.text)
    uart2_send                               0x000122a5   Thumb Code    26  uart2.o(.text)
    uart2_cb_register                        0x000122bf   Thumb Code    10  uart2.o(.text)
    uart2_cb_clear                           0x000122c9   Thumb Code    14  uart2.o(.text)
    uart2_isr                                0x000122d7   Thumb Code   106  uart2.o(.text)
    check_uart2_stop                         0x00012341   Thumb Code    10  uart2.o(.text)
    bass_get_att_handle                      0x00012543   Thumb Code   122  bass.o(.text)
    bass_prf_itf_get                         0x000125fd   Thumb Code     6  bass.o(.text)
    bass_get_att_idx                         0x00012603   Thumb Code   112  bass.o(.text)
    bass_exe_operation                       0x00012673   Thumb Code   238  bass.o(.text)
    diss_compute_cfg_flag                    0x00012a15   Thumb Code    40  diss.o(.text)
    diss_prf_itf_get                         0x00012ae7   Thumb Code     6  diss.o(.text)
    diss_handle_to_value                     0x00012aed   Thumb Code    54  diss.o(.text)
    diss_value_to_handle                     0x00012b23   Thumb Code    60  diss.o(.text)
    diss_check_val_len                       0x00012b5f   Thumb Code    42  diss.o(.text)
    fff0s_get_att_handle                     0x00012e5f   Thumb Code    48  fff0s.o(.text)
    fff0s_notify_fff1_lvl                    0x00012e8f   Thumb Code    64  fff0s.o(.text)
    fff0s_prf_itf_get                        0x00012ecf   Thumb Code     6  fff0s.o(.text)
    fff0s_get_att_idx                        0x00012ed5   Thumb Code    60  fff0s.o(.text)
    oad_save_reciveData                      0x0001323b   Thumb Code    32  oads.o(.text)
    oad_updating_user_section_begin          0x0001325b   Thumb Code    38  oads.o(.text)
    oad_updating_user_section_pro            0x00013281   Thumb Code   104  oads.o(.text)
    oad_updating_user_section_end            0x000132e9   Thumb Code    18  oads.o(.text)
    oadImgIdentifyWrite                      0x000133dd   Thumb Code   320  oads.o(.text)
    oadImgBlockWrite                         0x0001351d   Thumb Code   590  oads.o(.text)
    oads_prf_itf_get                         0x0001376b   Thumb Code     4  oads.o(.text)
    prf_init                                 0x00013b57   Thumb Code   112  prf.o(.text)
    prf_add_profile                          0x00013bc7   Thumb Code   130  prf.o(.text)
    prf_create                               0x00013c49   Thumb Code    44  prf.o(.text)
    prf_cleanup                              0x00013c75   Thumb Code    48  prf.o(.text)
    prf_env_get                              0x00013ca5   Thumb Code    44  prf.o(.text)
    prf_src_task_get                         0x00013cd1   Thumb Code    16  prf.o(.text)
    prf_dst_task_get                         0x00013ce1   Thumb Code    16  prf.o(.text)
    prf_get_id_from_task                     0x00013cf1   Thumb Code    52  prf.o(.text)
    prf_get_task_from_id                     0x00013d25   Thumb Code    52  prf.o(.text)
    prf_pack_char_pres_fmt                   0x00013d5d   Thumb Code    30  prf_utils.o(.text)
    prf_pack_date_time                       0x00013d7b   Thumb Code    32  prf_utils.o(.text)
    prf_unpack_date_time                     0x00013d9b   Thumb Code    34  prf_utils.o(.text)
    appm_init                                0x00013dbd   Thumb Code    94  app.o(.text)
    appm_add_svc                             0x00013e1b   Thumb Code    32  app.o(.text)
    appm_disconnect                          0x00013e3b   Thumb Code    34  app.o(.text)
    appm_start_advertising                   0x00013e5d   Thumb Code   176  app.o(.text)
    appm_stop_advertising                    0x00013f0d   Thumb Code    48  app.o(.text)
    appm_update_param                        0x00013f3d   Thumb Code    68  app.o(.text)
    appm_update_adv_data                     0x00013f81   Thumb Code    86  app.o(.text)
    appm_get_dev_name                        0x00013fd7   Thumb Code    16  app.o(.text)
    app_batt_init                            0x0001405d   Thumb Code    12  app_batt.o(.text)
    app_batt_add_bas                         0x00014069   Thumb Code    44  app_batt.o(.text)
    app_batt_enable_prf                      0x00014095   Thumb Code    44  app_batt.o(.text)
    app_batt_send_lvl                        0x000140c1   Thumb Code    34  app_batt.o(.text)
    app_dis_init                             0x00014177   Thumb Code     2  app_dis.o(.text)
    app_dis_add_dis                          0x00014179   Thumb Code    42  app_dis.o(.text)
    app_fff0_init                            0x000141f5   Thumb Code    10  app_fff0.o(.text)
    app_fff0_add_fff0s                       0x000141ff   Thumb Code    42  app_fff0.o(.text)
    app_fff1_send_lvl                        0x00014229   Thumb Code    46  app_fff0.o(.text)
    app_oads_init                            0x00014899   Thumb Code     8  app_oads.o(.text)
    app_oad_add_oads                         0x000148a1   Thumb Code    62  app_oads.o(.text)
    app_oads_enable_prf                      0x000148df   Thumb Code    42  app_oads.o(.text)
    app_ffc1_ntf_req                         0x00014959   Thumb Code    44  app_oads.o(.text)
    app_ffc2_ntf_req                         0x00014985   Thumb Code    46  app_oads.o(.text)
    xs_user_task                             0x00014a51   Thumb Code    34  app_work.o(.text)
    init_app_work                            0x00014a73   Thumb Code    34  app_work.o(.text)
    set_ble_state                            0x00014a95   Thumb Code    20  app_work.o(.text)
    xs_uart2_send_data                       0x00014aa9   Thumb Code    54  app_work.o(.text)
    xs_uart2_received_isr                    0x00014adf   Thumb Code    42  app_work.o(.text)
    xs_uart_send_data                        0x00014b09   Thumb Code    54  app_work.o(.text)
    store_adv_name                           0x00014b3f   Thumb Code    28  app_work.o(.text)
    create_packet                            0x00014b5b   Thumb Code    40  app_work.o(.text)
    send_ble_manu_data_cfg_to_mcu            0x00014b83   Thumb Code    42  app_work.o(.text)
    send_ble_name_cfg_to_mcu                 0x00014bad   Thumb Code    40  app_work.o(.text)
    send_ble_mac_to_mcu                      0x00014bd5   Thumb Code    72  app_work.o(.text)
    chu_li_one_cmd                           0x00014c1d   Thumb Code   206  app_work.o(.text)
    set_fff0_fff1_nft                        0x00014ceb   Thumb Code    50  app_work.o(.text)
    xs_uart_received_cb                      0x00014d1d   Thumb Code    84  app_work.o(.text)
    xs_uart_received_isr                     0x00014d71   Thumb Code    50  app_work.o(.text)
    on_fff0_fff2_received                    0x00014da3   Thumb Code    50  app_work.o(.text)
    send_ble_state_to_mcu                    0x00014dd5   Thumb Code    54  app_work.o(.text)
    send_ble_data_recieved_to_mcu            0x00014e0b   Thumb Code   234  app_work.o(.text)
    read_store_adv_name                      0x00014ef5   Thumb Code   208  app_work.o(.text)
    init_sys_mac                             0x00014fc5   Thumb Code    46  app_work.o(.text)
    get_manufacturer_data                    0x00014ff3   Thumb Code    54  app_work.o(.text)
    get_manufacturer_data_len                0x00015029   Thumb Code     8  app_work.o(.text)
    get_adv_name                             0x00015031   Thumb Code     6  app_work.o(.text)
    get_rsp_name                             0x00015037   Thumb Code     6  app_work.o(.text)
    get_adv_name_len                         0x0001503d   Thumb Code     8  app_work.o(.text)
    get_rsp_name_len                         0x00015045   Thumb Code     8  app_work.o(.text)
    strlen                                   0x000150d1   Thumb Code    14  strlen.o(.text)
    __aeabi_uldivmod                         0x000150df   Thumb Code    96  uldiv.o(.text)
    __I$use$fp                               0x00015140   ARM Code       0  iusefp.o(.text)
    __aeabi_dadd                             0x00015141   Thumb Code   328  dadd.o(.text)
    __aeabi_dsub                             0x00015289   Thumb Code    12  dadd.o(.text)
    __aeabi_drsub                            0x00015295   Thumb Code    12  dadd.o(.text)
    __aeabi_dmul                             0x000152a5   Thumb Code   202  dmul.o(.text)
    __aeabi_ddiv                             0x00015375   Thumb Code   234  ddiv.o(.text)
    __aeabi_d2ulz                            0x00015465   Thumb Code    54  dfixul.o(.text)
    __aeabi_cdrcmple                         0x000154a5   Thumb Code    38  cdrcmple.o(.text)
    __aeabi_llsl                             0x000154cd   Thumb Code    32  llshl.o(.text)
    _ll_shift_l                              0x000154cd   Thumb Code     0  llshl.o(.text)
    __aeabi_llsr                             0x000154ed   Thumb Code    34  llushr.o(.text)
    _ll_ushift_r                             0x000154ed   Thumb Code     0  llushr.o(.text)
    __aeabi_lasr                             0x0001550f   Thumb Code    38  llsshr.o(.text)
    _ll_sshift_r                             0x0001550f   Thumb Code     0  llsshr.o(.text)
    _double_round                            0x00015535   Thumb Code    26  depilogue.o(.text)
    _double_epilogue                         0x0001554f   Thumb Code   164  depilogue.o(.text)
    __0vsprintf                              0x000155f5   Thumb Code    30  printfa.o(i.__0vsprintf)
    __1vsprintf                              0x000155f5   Thumb Code     0  printfa.o(i.__0vsprintf)
    __2vsprintf                              0x000155f5   Thumb Code     0  printfa.o(i.__0vsprintf)
    __c89vsprintf                            0x000155f5   Thumb Code     0  printfa.o(i.__0vsprintf)
    vsprintf                                 0x000155f5   Thumb Code     0  printfa.o(i.__0vsprintf)
    bas_att_db                               0x00015f04   Data          40  bass.o(.constdata)
    bass_itf                                 0x00015f2c   Data          16  bass.o(.constdata)
    bass_default_state                       0x00015f3c   Data          48  bass_task.o(.constdata)
    bass_default_handler                     0x00015f6c   Data           8  bass_task.o(.constdata)
    diss_att_db                              0x00015f74   Data          56  diss.o(.constdata)
    diss_itf                                 0x00015fac   Data          16  diss.o(.constdata)
    diss_default_state                       0x00015fbc   Data          24  diss_task.o(.constdata)
    diss_default_handler                     0x00015fd4   Data           8  diss_task.o(.constdata)
    fff0_att_db                              0x00015fdc   Data          48  fff0s.o(.constdata)
    fff0s_itf                                0x0001600c   Data          16  fff0s.o(.constdata)
    fff0s_default_state                      0x0001601c   Data          40  fff0s_task.o(.constdata)
    fff0s_default_handler                    0x00016044   Data           8  fff0s_task.o(.constdata)
    oads_att_db                              0x0001604c   Data          72  oads.o(.constdata)
    oads_itf                                 0x00016094   Data          16  oads.o(.constdata)
    oads_default_state                       0x000160ec   Data          48  oads_task.o(.constdata)
    braces_default_handler                   0x0001611c   Data           8  oads_task.o(.constdata)
    app_batt_msg_handler_list                0x00016178   Data          32  app_batt.o(.constdata)
    app_batt_table_handler                   0x00016198   Data           8  app_batt.o(.constdata)
    app_dis_msg_handler_list                 0x000161a0   Data           8  app_dis.o(.constdata)
    app_dis_table_handler                    0x000161a8   Data           8  app_dis.o(.constdata)
    app_fff0_msg_handler_list                0x000161b0   Data          40  app_fff0.o(.constdata)
    app_fff0_table_handler                   0x000161d8   Data           8  app_fff0.o(.constdata)
    appm_default_state                       0x000161fc   Data         120  app_task.o(.constdata)
    appm_default_handler                     0x00016274   Data           8  app_task.o(.constdata)
    app_oads_msg_handler_list                0x00016334   Data          48  app_oads.o(.constdata)
    app_oads_table_handler                   0x00016364   Data           8  app_oads.o(.constdata)
    Load$$RAM_DATA$$Base                     0x00016414   Number         0  anon$$obj.o ABSOLUTE
    co_default_bdaddr                        0x00400024   Data           0  stack_rom_symbol_1.txt ABSOLUTE
    llc_env                                  0x0040002c   Data           0  stack_rom_symbol_1.txt ABSOLUTE
    llc_state                                0x00400030   Data           0  stack_rom_symbol_1.txt ABSOLUTE
    latency_disable_state                    0x00400031   Data           0  stack_rom_symbol_1.txt ABSOLUTE
    system_sleep_flag                        0x00400032   Data           0  stack_rom_symbol_1.txt ABSOLUTE
    lld_sleep_env                            0x00400034   Data           0  stack_rom_symbol_1.txt ABSOLUTE
    llm_state                                0x00400038   Data           0  stack_rom_symbol_1.txt ABSOLUTE
    gapc_env                                 0x0040003c   Data           0  stack_rom_symbol_1.txt ABSOLUTE
    gapc_state                               0x00400040   Data           0  stack_rom_symbol_1.txt ABSOLUTE
    gapm_state                               0x00400041   Data           0  stack_rom_symbol_1.txt ABSOLUTE
    gattc_env                                0x00400044   Data           0  stack_rom_symbol_1.txt ABSOLUTE
    gattc_state                              0x00400048   Data           0  stack_rom_symbol_1.txt ABSOLUTE
    gattm_state                              0x00400049   Data           0  stack_rom_symbol_1.txt ABSOLUTE
    l2cc_env                                 0x0040004c   Data           0  stack_rom_symbol_1.txt ABSOLUTE
    l2cc_state                               0x00400050   Data           0  stack_rom_symbol_1.txt ABSOLUTE
    ke_env                                   0x0040007c   Data           0  stack_rom_symbol_1.txt ABSOLUTE
    rwip_rf                                  0x0040011c   Data           0  stack_rom_symbol_1.txt ABSOLUTE
    rom_env                                  0x00400150   Data           0  stack_rom_symbol_1.txt ABSOLUTE
    em_buf_env                               0x0040019c   Data           0  stack_rom_symbol_1.txt ABSOLUTE
    lld_evt_env                              0x004004e4   Data           0  stack_rom_symbol_1.txt ABSOLUTE
    llm_le_env                               0x00400510   Data           0  stack_rom_symbol_1.txt ABSOLUTE
    gapm_env                                 0x0040058c   Data           0  stack_rom_symbol_1.txt ABSOLUTE
    gattm_env                                0x004005b8   Data           0  stack_rom_symbol_1.txt ABSOLUTE
    l2cm_env                                 0x004005d8   Data           0  stack_rom_symbol_1.txt ABSOLUTE
    hci_env                                  0x004005e4   Data           0  stack_rom_symbol_1.txt ABSOLUTE
    hci_fc_env                               0x004005f4   Data           0  stack_rom_symbol_1.txt ABSOLUTE
    Image$$RAM_DATA$$Base                    0x00400620   Number         0  anon$$obj.o ABSOLUTE
    GPIO_CFG                                 0x00400628   Data          20  gpio.o(.data)
    GPIO_DATA                                0x0040063c   Data          20  gpio.o(.data)
    wdt_disable_flag                         0x00400652   Data           1  wdt.o(.data)
    uart_rx_done                             0x00400654   Data           1  uart.o(.data)
    cur_read_buf_idx                         0x00400655   Data           1  uart.o(.data)
    uart_rx_index                            0x0040065c   Data           4  uart.o(.data)
    uart2_rx_done                            0x00400664   Data           1  uart2.o(.data)
    uart2_cur_read_buf_idx                   0x00400665   Data           1  uart2.o(.data)
    uart2_rx_index                           0x00400668   Data           4  uart2.o(.data)
    oad_firmware_type                        0x00400671   Data           1  oads.o(.data)
    app_batt_env                             0x00400678   Data           2  app_batt.o(.data)
    app_fff0_env                             0x0040067a   Data           2  app_fff0.o(.data)
    appm_state                               0x0040067c   Data           1  app_task.o(.data)
    app_oads_env                             0x0040067d   Data           1  app_oads.o(.data)
    g_ble_state                              0x00400680   Data           1  app_work.o(.data)
    g_time_counter                           0x00400684   Data           4  app_work.o(.data)
    g_mac                                    0x00400694   Data           6  app_work.o(.data)
    Image$$RAM_BSS$$Base                     0x0040069c   Number         0  anon$$obj.o ABSOLUTE
    uart_api                                 0x0040069c   Data          16  arch_main.o(.bss)
    rwip_heap_env                            0x004006bc   Data         868  rwip.o(.bss)
    rwip_heap_db                             0x00400a20   Data        1036  rwip.o(.bss)
    rwip_heap_msg                            0x00400e2c   Data        1404  rwip.o(.bss)
    rwip_heap_non_ret                        0x004013a8   Data        1548  rwip.o(.bss)
    rwip_sleep_time                          0x004019b4   Data          12  rwip.o(.bss)
    GPIO_CFG_BACKUP                          0x004019cc   Data          20  gpio.o(.bss)
    GPIO_DATA_BACKUP                         0x004019e0   Data          20  gpio.o(.bss)
    p_PWM_Int_Handler                        0x004019f4   Data          20  pwm.o(.bss)
    uart_rx_buf                              0x00401a08   Data          64  uart.o(.bss)
    uart_env                                 0x00401a48   Data          20  uart.o(.bss)
    uart_buff                                0x00401a5c   Data          64  uart.o(.bss)
    XVR_ANALOG_REG_BAK                       0x00401a9c   Data          36  rf_xvr.o(.bss)
    uart2_rx_buf                             0x00401ac0   Data          64  uart2.o(.bss)
    uart2_env                                0x00401b00   Data          20  uart2.o(.bss)
    uart2_buff                               0x00401b14   Data          64  uart2.o(.bss)
    bsec                                     0x00401b54   Data         192  oads.o(.bss)
    prf_env                                  0x00401c14   Data         240  prf.o(.bss)
    app_env                                  0x00401d04   Data          40  app.o(.bss)
    g_ble_adv_name                           0x00401d2c   Data          35  app_work.o(.bss)
    g_uart_rev_buff                          0x00401d4f   Data          50  app_work.o(.bss)
    g_s_name                                 0x00401d81   Data         113  app_work.o(.bss)
    Image$$RAM_STACK_UNUSED$$Base            0x0040330c   Number         0  anon$$obj.o ABSOLUTE
    Image$$RAM_STACK_SVC$$Base               0x0040332c   Number         0  anon$$obj.o ABSOLUTE
    Image$$RAM_STACK_IRQ$$Base               0x00403a1c   Number         0  anon$$obj.o ABSOLUTE
    Image$$RAM_STACK_FIQ$$Base               0x00403d0c   Number         0  anon$$obj.o ABSOLUTE



==============================================================================

Memory Map of the image

  Image Entry point : 0x000104a4

  Load Region SECTIONS (Base: 0x00010420, Size: 0x00006070, Max: 0xffffffff, ABSOLUTE)

    Execution Region ROM_SYS (Exec base: 0x00010420, Load base: 0x00010420, Size: 0x00000280, Max: 0xffffffff, ABSOLUTE)

    Exec Addr    Load Addr    Size         Type   Attr      Idx    E Section Name        Object

    0x00010420   0x00010420   0x0000005c   Code   RO           14  * SYS_BOOT            boot_vectors.o
    0x0001047c   0x0001047c   0x000001f4   Code   RO           13  * SYS_BOOT            boot_handlers.o
    0x00010670   0x00010670   0x00000008   Ven    RO          136    Veneer$$Code        anon$$obj.o
    0x00010678   0x00010678   0x00000008   Ven    RO          137    Veneer$$Code        anon$$obj.o
    0x00010680   0x00010680   0x00000008   Ven    RO          138    Veneer$$Code        anon$$obj.o
    0x00010688   0x00010688   0x00000008   Ven    RO          139    Veneer$$Code        anon$$obj.o
    0x00010690   0x00010690   0x00000008   Ven    RO          140    Veneer$$Code        anon$$obj.o
    0x00010698   0x00010698   0x00000008   Ven    RO          141    Veneer$$Code        anon$$obj.o


    Execution Region FAST_CALL_SEG (Exec base: 0x00010700, Load base: 0x00010700, Size: 0x00000030, Max: 0xffffffff, ABSOLUTE, FIXED)

    Exec Addr    Load Addr    Size         Type   Attr      Idx    E Section Name        Object

    0x00010700   0x00010700   0x00000010   Code   RO           29    sys_fiq_entry       intc.o
    0x00010710   0x00010710   0x00000010   PAD
    0x00010720   0x00010720   0x00000010   Code   RO           30    sys_irq_entry       intc.o


    Execution Region ROM (Exec base: 0x00010730, Load base: 0x00010730, Size: 0x00005ce4, Max: 0xffffffff, ABSOLUTE)

    Exec Addr    Load Addr    Size         Type   Attr      Idx    E Section Name        Object

    0x00010730   0x00010730   0x000004dc   Code   RO            5    .text               arch_main.o
    0x00010c0c   0x00010c0c   0x00000038   Code   RO           15    .text               rwble_hl.o
    0x00010c44   0x00010c44   0x00000180   Code   RO           16    .text               rwble.o
    0x00010dc4   0x00010dc4   0x000002c0   Code   RO           17    .text               rwip.o
    0x00011084   0x00011084   0x00000018   Code   RO           19    .text               emi.o
    0x0001109c   0x0001109c   0x00000228   Code   RO           20    .text               flash.o
    0x000112c4   0x000112c4   0x000001e8   Code   RO           23    .text               gpio.o
    0x000114ac   0x000114ac   0x00000154   Code   RO           26    .text               icu.o
    0x00011600   0x00011600   0x000000ec   Code   RO           28    .text               intc.o
    0x000116ec   0x000116ec   0x00000190   Code   RO           31    .text               pwm.o
    0x0001187c   0x0001187c   0x0000002c   Code   RO           33    .text               timer.o
    0x000118a8   0x000118a8   0x00000068   Code   RO           34    .text               wdt.o
    0x00011910   0x00011910   0x00000384   Code   RO           36    .text               uart.o
    0x00011c94   0x00011c94   0x00000448   Code   RO           40    .text               rf_xvr.o
    0x000120dc   0x000120dc   0x000002e0   Code   RO           42    .text               uart2.o
    0x000123bc   0x000123bc   0x000003b4   Code   RO           47    .text               bass.o
    0x00012770   0x00012770   0x000002a4   Code   RO           49    .text               bass_task.o
    0x00012a14   0x00012a14   0x00000180   Code   RO           52    .text               diss.o
    0x00012b94   0x00012b94   0x000001d0   Code   RO           54    .text               diss_task.o
    0x00012d64   0x00012d64   0x000001b8   Code   RO           57    .text               fff0s.o
    0x00012f1c   0x00012f1c   0x00000220   Code   RO           59    .text               fff0s_task.o
    0x0001313c   0x0001313c   0x000006d8   Code   RO           62    .text               oads.o
    0x00013814   0x00013814   0x00000310   Code   RO           66    .text               oads_task.o
    0x00013b24   0x00013b24   0x00000238   Code   RO           70    .text               prf.o
    0x00013d5c   0x00013d5c   0x00000060   Code   RO           72    .text               prf_utils.o
    0x00013dbc   0x00013dbc   0x000002a0   Code   RO           73    .text               app.o
    0x0001405c   0x0001405c   0x000000a4   Code   RO           76    .text               app_batt.o
    0x00014100   0x00014100   0x000000f4   Code   RO           80    .text               app_dis.o
    0x000141f4   0x000141f4   0x000000c8   Code   RO           84    .text               app_fff0.o
    0x000142bc   0x000142bc   0x000005dc   Code   RO           89    .text               app_task.o
    0x00014898   0x00014898   0x000001b8   Code   RO           94    .text               app_oads.o
    0x00014a50   0x00014a50   0x00000680   Code   RO           99    .text               app_work.o
    0x000150d0   0x000150d0   0x0000000e   Code   RO          104    .text               mc_5.l(strlen.o)
    0x000150de   0x000150de   0x00000060   Code   RO          121    .text               mc_5.l(uldiv.o)
    0x0001513e   0x0001513e   0x00000002   PAD
    0x00015140   0x00015140   0x00000000   Code   RO          122    .text               mc_5.l(iusefp.o)
    0x00015140   0x00015140   0x00000164   Code   RO          123    .text               mf_5.l(dadd.o)
    0x000152a4   0x000152a4   0x000000d0   Code   RO          124    .text               mf_5.l(dmul.o)
    0x00015374   0x00015374   0x000000f0   Code   RO          125    .text               mf_5.l(ddiv.o)
    0x00015464   0x00015464   0x00000040   Code   RO          126    .text               mf_5.l(dfixul.o)
    0x000154a4   0x000154a4   0x00000028   Code   RO          127    .text               mf_5.l(cdrcmple.o)
    0x000154cc   0x000154cc   0x00000020   Code   RO          129    .text               mc_5.l(llshl.o)
    0x000154ec   0x000154ec   0x00000022   Code   RO          130    .text               mc_5.l(llushr.o)
    0x0001550e   0x0001550e   0x00000026   Code   RO          131    .text               mc_5.l(llsshr.o)
    0x00015534   0x00015534   0x000000be   Code   RO          133    .text               mf_5.l(depilogue.o)
    0x000155f2   0x000155f2   0x00000002   PAD
    0x000155f4   0x000155f4   0x00000024   Code   RO          112    i.__0vsprintf       mc_5.l(printfa.o)
    0x00015618   0x00015618   0x00000174   Code   RO          113    i._fp_digits        mc_5.l(printfa.o)
    0x0001578c   0x0001578c   0x000006f4   Code   RO          114    i._printf_core      mc_5.l(printfa.o)
    0x00015e80   0x00015e80   0x00000020   Code   RO          115    i._printf_post_padding  mc_5.l(printfa.o)
    0x00015ea0   0x00015ea0   0x0000002c   Code   RO          116    i._printf_pre_padding  mc_5.l(printfa.o)
    0x00015ecc   0x00015ecc   0x0000000a   Code   RO          118    i._sputc            mc_5.l(printfa.o)
    0x00015ed6   0x00015ed6   0x0000002e   Data   RO            7    .constdata          arch_main.o
    0x00015f04   0x00015f04   0x00000038   Data   RO           48    .constdata          bass.o
    0x00015f3c   0x00015f3c   0x00000030   Data   RO           50    .constdata          bass_task.o
    0x00015f6c   0x00015f6c   0x00000008   Data   RO           51    .constdata          bass_task.o
    0x00015f74   0x00015f74   0x00000048   Data   RO           53    .constdata          diss.o
    0x00015fbc   0x00015fbc   0x00000018   Data   RO           55    .constdata          diss_task.o
    0x00015fd4   0x00015fd4   0x00000008   Data   RO           56    .constdata          diss_task.o
    0x00015fdc   0x00015fdc   0x00000040   Data   RO           58    .constdata          fff0s.o
    0x0001601c   0x0001601c   0x00000028   Data   RO           60    .constdata          fff0s_task.o
    0x00016044   0x00016044   0x00000008   Data   RO           61    .constdata          fff0s_task.o
    0x0001604c   0x0001604c   0x0000009e   Data   RO           64    .constdata          oads.o
    0x000160ea   0x000160ea   0x00000002   PAD
    0x000160ec   0x000160ec   0x00000030   Data   RO           67    .constdata          oads_task.o
    0x0001611c   0x0001611c   0x00000008   Data   RO           68    .constdata          oads_task.o
    0x00016124   0x00016124   0x00000032   Data   RO           69    .constdata          oads_task.o
    0x00016156   0x00016156   0x00000002   PAD
    0x00016158   0x00016158   0x00000020   Data   RO           75    .constdata          app.o
    0x00016178   0x00016178   0x00000020   Data   RO           77    .constdata          app_batt.o
    0x00016198   0x00016198   0x00000008   Data   RO           78    .constdata          app_batt.o
    0x000161a0   0x000161a0   0x00000008   Data   RO           81    .constdata          app_dis.o
    0x000161a8   0x000161a8   0x00000008   Data   RO           82    .constdata          app_dis.o
    0x000161b0   0x000161b0   0x00000028   Data   RO           85    .constdata          app_fff0.o
    0x000161d8   0x000161d8   0x00000008   Data   RO           86    .constdata          app_fff0.o
    0x000161e0   0x000161e0   0x0000001a   Data   RO           87    .constdata          app_fff0.o
    0x000161fa   0x000161fa   0x00000002   PAD
    0x000161fc   0x000161fc   0x00000078   Data   RO           90    .constdata          app_task.o
    0x00016274   0x00016274   0x00000008   Data   RO           91    .constdata          app_task.o
    0x0001627c   0x0001627c   0x000000b5   Data   RO           92    .constdata          app_task.o
    0x00016331   0x00016331   0x00000003   PAD
    0x00016334   0x00016334   0x00000030   Data   RO           95    .constdata          app_oads.o
    0x00016364   0x00016364   0x00000008   Data   RO           96    .constdata          app_oads.o
    0x0001636c   0x0001636c   0x000000a8   Data   RO           97    .constdata          app_oads.o


    Execution Region RAM_DATA (Exec base: 0x00400620, Load base: 0x00016414, Size: 0x0000007c, Max: 0xffffffff, ABSOLUTE)

    Exec Addr    Load Addr    Size         Type   Attr      Idx    E Section Name        Object

    0x00400620   0x00016414   0x00000004   Data   RW           22    .data               flash.o
    0x00400624   0x00016418   0x0000002c   Data   RW           25    .data               gpio.o
    0x00400650   0x00016444   0x00000002   Data   RW           27    .data               icu.o
    0x00400652   0x00016446   0x00000002   Data   RW           35    .data               wdt.o
    0x00400654   0x00016448   0x00000010   Data   RW           39    .data               uart.o
    0x00400664   0x00016458   0x0000000c   Data   RW           45    .data               uart2.o
    0x00400670   0x00016464   0x00000008   Data   RW           65    .data               oads.o
    0x00400678   0x0001646c   0x00000002   Data   RW           79    .data               app_batt.o
    0x0040067a   0x0001646e   0x00000002   Data   RW           88    .data               app_fff0.o
    0x0040067c   0x00016470   0x00000001   Data   RW           93    .data               app_task.o
    0x0040067d   0x00016471   0x00000001   Data   RW           98    .data               app_oads.o
    0x0040067e   0x00016472   0x00000002   PAD
    0x00400680   0x00016474   0x0000001a   Data   RW          101    .data               app_work.o


    Execution Region RAM_BSS (Exec base: 0x0040069c, Load base: 0x00016490, Size: 0x00001758, Max: 0xffffffff, ABSOLUTE)

    Exec Addr    Load Addr    Size         Type   Attr      Idx    E Section Name        Object

    0x0040069c        -       0x00000010   Zero   RW            6    .bss                arch_main.o
    0x004006ac        -       0x00001314   Zero   RW           18    .bss                rwip.o
    0x004019c0        -       0x0000000c   Zero   RW           21    .bss                flash.o
    0x004019cc        -       0x00000028   Zero   RW           24    .bss                gpio.o
    0x004019f4        -       0x00000014   Zero   RW           32    .bss                pwm.o
    0x00401a08        -       0x00000094   Zero   RW           37    .bss                uart.o
    0x00401a9c        -       0x00000024   Zero   RW           41    .bss                rf_xvr.o
    0x00401ac0        -       0x00000094   Zero   RW           43    .bss                uart2.o
    0x00401b54        -       0x000000c0   Zero   RW           63    .bss                oads.o
    0x00401c14        -       0x000000f0   Zero   RW           71    .bss                prf.o
    0x00401d04        -       0x00000028   Zero   RW           74    .bss                app.o
    0x00401d2c        -       0x000000c6   Zero   RW          100    .bss                app_work.o


    Execution Region RAM_STACK_UNUSED (Exec base: 0x0040330c, Load base: 0x00016490, Size: 0x00000020, Max: 0x00000020, ABSOLUTE)

    Exec Addr    Load Addr    Size         Type   Attr      Idx    E Section Name        Object

    0x0040330c        -       0x00000020   Zero   RW            1    RAM_STACK_UNUSED.bss  anon$$obj.o


    Execution Region RAM_STACK_SVC (Exec base: 0x0040332c, Load base: 0x00016490, Size: 0x000006f0, Max: 0x000006f0, ABSOLUTE)

    Exec Addr    Load Addr    Size         Type   Attr      Idx    E Section Name        Object

    0x0040332c        -       0x000006f0   Zero   RW            2    RAM_STACK_SVC.bss   anon$$obj.o


    Execution Region RAM_STACK_IRQ (Exec base: 0x00403a1c, Load base: 0x00016490, Size: 0x000002f0, Max: 0x000002f0, ABSOLUTE)

    Exec Addr    Load Addr    Size         Type   Attr      Idx    E Section Name        Object

    0x00403a1c        -       0x000002f0   Zero   RW            3    RAM_STACK_IRQ.bss   anon$$obj.o


    Execution Region RAM_STACK_FIQ (Exec base: 0x00403d0c, Load base: 0x00016490, Size: 0x000002f0, Max: 0x000002f0, ABSOLUTE)

    Exec Addr    Load Addr    Size         Type   Attr      Idx    E Section Name        Object

    0x00403d0c        -       0x000002f0   Zero   RW            4    RAM_STACK_FIQ.bss   anon$$obj.o


==============================================================================

Image component sizes


      Code (inc. data)   RO Data    RW Data    ZI Data      Debug   Object Name

       672        118         32          0         40          0   app.o
       164         14         40          2          0          0   app_batt.o
       244         94         16          0          0          0   app_dis.o
       200         50         74          2          0          0   app_fff0.o
       440        126        224          1          0          0   app_oads.o
      1500        610        309          1          0          0   app_task.o
      1664        324          0         26        198          0   app_work.o
      1244        522         46          0         16          0   arch_main.o
       948         16         56          0          0          0   bass.o
       676         12         56          0          0          0   bass_task.o
       500         76          0          0          0          0   boot_handlers.o
        92         32          0          0          0          0   boot_vectors.o
       384         12         72          0          0          0   diss.o
       464          8         32          0          0          0   diss_task.o
        24          4          0          0          0          0   emi.o
       440         12         64          0          0          0   fff0s.o
       544          8         48          0          0          0   fff0s_task.o
       552         24          0          4         12          0   flash.o
       488         24          0         44         40          0   gpio.o
       340         34          0          2          0          0   icu.o
       268         16          0          0          0          0   intc.o
      1752        504        158          8        192          0   oads.o
       784        138        106          0          0          0   oads_task.o
       568          4          0          0        240          0   prf.o
        96          0          0          0          0          0   prf_utils.o
       400         16          0          0         20          0   pwm.o
      1096        230          0          0         36          0   rf_xvr.o
       384          8          0          0          0          0   rwble.o
        56          0          0          0          0          0   rwble_hl.o
       704         92          0          0       4884          0   rwip.o
        44          4          0          0          0          0   timer.o
       900        148          0         16        148          0   uart.o
       736        114          0         12        148          0   uart2.o
       104         10          0          2          0          0   wdt.o

    ----------------------------------------------------------------------
     19536       3428       1342        124       9288          0   Object Totals
        48         24          0          0       3312          0   (incl. Generated)
        16          0          9          4          2          0   (incl. Padding)

    ----------------------------------------------------------------------

      Code (inc. data)   RO Data    RW Data    ZI Data      Debug   Library Member Name

         0          0          0          0          0          0   iusefp.o
        32          0          0          0          0          0   llshl.o
        38          0          0          0          0          0   llsshr.o
        34          0          0          0          0          0   llushr.o
      2274         94          0          0          0          0   printfa.o
        14          0          0          0          0          0   strlen.o
        96          0          0          0          0          0   uldiv.o
        40          2          0          0          0          0   cdrcmple.o
       356          4          0          0          0          0   dadd.o
       240          6          0          0          0          0   ddiv.o
       190          0          0          0          0          0   depilogue.o
        64         10          0          0          0          0   dfixul.o
       208          6          0          0          0          0   dmul.o

    ----------------------------------------------------------------------
      3590        122          0          0          0          0   Library Totals
         4          0          0          0          0          0   (incl. Padding)

    ----------------------------------------------------------------------

      Code (inc. data)   RO Data    RW Data    ZI Data      Debug   Library Name

      2488         94          0          0          0          0   mc_5.l
      1098         28          0          0          0          0   mf_5.l

    ----------------------------------------------------------------------
      3590        122          0          0          0          0   Library Totals

    ----------------------------------------------------------------------

==============================================================================


      Code (inc. data)   RO Data    RW Data    ZI Data      Debug   

     23126       3550       1342        124       9288          0   Grand Totals
     23126       3550       1342        124       9288          0   ELF Image Totals
     23126       3550       1342        124          0          0   ROM Totals

==============================================================================

    Total RO  Size (Code + RO Data)                24468 (  23.89kB)
    Total RW  Size (RW Data + ZI Data)              9412 (   9.19kB)
    Total ROM Size (Code + RO Data + RW Data)      24592 (  24.02kB)

==============================================================================

